🔥 Starting Multi-Pig Stress Test Simulation...
🔑 Firebase Auth token refreshed (UID: xgC6Hkq2a6XrNG5emkf5cuyjpiu2)
📡 Tick 0 | Max Temp: 38.5°C (Boss Hog)
📡 Tick 1 | Max Temp: 38.5°C (Boss Hog)
📡 Tick 2 | Max Temp: 38.5°C (Boss Hog)
📡 Tick 3 | Max Temp: 38.5°C (Boss Hog)
📡 Tick 4 | Max Temp: 38.5°C (Boss Hog)
📡 Tick 5 | Max Temp: 38.5°C (Boss Hog)
📡 Tick 6 | Max Temp: 38.5°C (Boss Hog)
📡 Tick 7 | Max Temp: 38.5°C (Boss Hog)
📡 Tick 8 | Max Temp: 38.5°C (Boss Hog)
📡 Tick 9 | Max Temp: 38.5°C (Boss Hog)
📡 Tick 10 | Max Temp: 38.5°C (Boss Hog)
📡 Tick 11 | Max Temp: 38.5°C (Boss Hog)
📡 Tick 12 | Max Temp: 38.5°C (Boss Hog)
📡 Tick 13 | Max Temp: 38.5°C (Boss Hog)
📡 Tick 14 | Max Temp: 38.5°C (Boss Hog)
📡 Tick 15 | Max Temp: 38.5°C (Boss Hog)
📡 Tick 16 | Max Temp: 38.5°C (Boss Hog)
📡 Tick 17 | Max Temp: 38.5°C (Boss Hog)
📡 Tick 18 | Max Temp: 38.5°C (Boss Hog)
📡 Tick 19 | Max Temp: 38.5°C (Boss Hog)
👀 NEW UNIDENTIFIED PIG DETECTED!
👀 NEW UNIDENTIFIED PIG DETECTED!
📡 Tick 20 | Max Temp: 38.8°C (Pig_Auto_949)
📡 Tick 21 | Max Temp: 38.8°C (Pig_Auto_949)
📡 Tick 22 | Max Temp: 38.8°C (Pig_Auto_949)
📡 Tick 23 | Max Temp: 38.8°C (Pig_Auto_949)
📡 Tick 24 | Max Temp: 38.8°C (Pig_Auto_949)
📡 Tick 25 | Max Temp: 38.8°C (Pig_Auto_949)
📡 Tick 26 | Max Temp: 38.8°C (Pig_Auto_949)
📡 Tick 27 | Max Temp: 38.8°C (Pig_Auto_949)
📡 Tick 28 | Max Temp: 38.8°C (Pig_Auto_949)
📡 Tick 29 | Max Temp: 38.8°C (Pig_Auto_949)
📡 Tick 30 | Max Temp: 38.8°C (Pig_Auto_949)
📡 Tick 31 | Max Temp: 38.8°C (Pig_Auto_949)
📡 Tick 32 | Max Temp: 38.8°C (Pig_Auto_949)
📡 Tick 33 | Max Temp: 38.8°C (Pig_Auto_949)
📡 Tick 34 | Max Temp: 38.8°C (Pig_Auto_949)
📡 Tick 35 | Max Temp: 38.8°C (Pig_Auto_949)
📡 Tick 36 | Max Temp: 38.8°C (Pig_Auto_949)
📡 Tick 37 | Max Temp: 38.8°C (Pig_Auto_949)
📡 Tick 38 | Max Temp: 38.8°C (Pig_Auto_949)
📡 Tick 39 | Max Temp: 38.8°C (Pig_Auto_949)
🔥 Peppa has developed a fever and cough (Respiratory Distress)!
🔥 Peppa has developed a fever and cough (Respiratory Distress)!
📡 Tick 40 | Max Temp: 40.5°C (Peppa)
📡 Tick 41 | Max Temp: 40.5°C (Peppa)
📡 Tick 42 | Max Temp: 40.5°C (Peppa)
📡 Tick 43 | Max Temp: 40.5°C (Peppa)
📡 Tick 44 | Max Temp: 40.5°C (Peppa)
📡 Tick 45 | Max Temp: 40.5°C (Peppa)
📡 Tick 46 | Max Temp: 40.5°C (Peppa)
📡 Tick 47 | Max Temp: 40.5°C (Peppa)
📡 Tick 48 | Max Temp: 40.5°C (Peppa)
📡 Tick 49 | Max Temp: 40.5°C (Peppa)
📡 Tick 50 | Max Temp: 40.5°C (Peppa)
📡 Tick 51 | Max Temp: 40.5°C (Peppa)
📡 Tick 52 | Max Temp: 40.5°C (Peppa)
📡 Tick 53 | Max Temp: 40.5°C (Peppa)
📡 Tick 54 | Max Temp: 40.5°C (Peppa)
📡 Tick 55 | Max Temp: 40.5°C (Peppa)
📡 Tick 56 | Max Temp: 40.5°C (Peppa)
📡 Tick 57 | Max Temp: 40.5°C (Peppa)
📡 Tick 58 | Max Temp: 40.5°C (Peppa)
📡 Tick 59 | Max Temp: 40.5°C (Peppa)
🚨 Boss Hog has become lethargic (No movement detected)!
🚨 Boss Hog has become lethargic (No movement detected)!
📡 Tick 60 | Max Temp: 40.5°C (Peppa)
📡 Tick 61 | Max Temp: 40.5°C (Peppa)
📡 Tick 62 | Max Temp: 40.5°C (Peppa)
📡 Tick 63 | Max Temp: 40.5°C (Peppa)
📡 Tick 64 | Max Temp: 40.5°C (Peppa)
📡 Tick 65 | Max Temp: 40.5°C (Peppa)
📡 Tick 66 | Max Temp: 40.5°C (Peppa)
📡 Tick 67 | Max Temp: 40.5°C (Peppa)
📡 Tick 68 | Max Temp: 40.5°C (Peppa)
📡 Tick 69 | Max Temp: 40.5°C (Peppa)
📡 Tick 70 | Max Temp: 40.5°C (Peppa)
📡 Tick 71 | Max Temp: 40.5°C (Peppa)
📡 Tick 72 | Max Temp: 40.5°C (Peppa)
📡 Tick 73 | Max Temp: 40.5°C (Peppa)
📡 Tick 74 | Max Temp: 40.5°C (Peppa)
📡 Tick 75 | Max Temp: 40.5°C (Peppa)
📡 Tick 76 | Max Temp: 40.5°C (Peppa)
📡 Tick 77 | Max Temp: 40.5°C (Peppa)
📡 Tick 78 | Max Temp: 40.5°C (Peppa)
📡 Tick 79 | Max Temp: 40.5°C (Peppa)
✅ Boss Hog resumed normal activity.
✅ Boss Hog resumed normal activity.
✅ Boss Hog resumed normal activity.
📡 Tick 80 | Max Temp: 40.5°C (Peppa)
📡 Tick 81 | Max Temp: 40.5°C (Peppa)
📡 Tick 82 | Max Temp: 40.5°C (Peppa)
📡 Tick 83 | Max Temp: 40.5°C (Peppa)
📡 Tick 84 | Max Temp: 40.5°C (Peppa)
📡 Tick 85 | Max Temp: 40.5°C (Peppa)
📡 Tick 86 | Max Temp: 40.5°C (Peppa)
📡 Tick 87 | Max Temp: 40.5°C (Peppa)
📡 Tick 88 | Max Temp: 40.5°C (Peppa)
📡 Tick 89 | Max Temp: 40.5°C (Peppa)
📡 Tick 90 | Max Temp: 40.5°C (Peppa)
📡 Tick 91 | Max Temp: 40.5°C (Peppa)
📡 Tick 92 | Max Temp: 40.5°C (Peppa)
📡 Tick 93 | Max Temp: 40.5°C (Peppa)
📡 Tick 94 | Max Temp: 40.5°C (Peppa)
📡 Tick 95 | Max Temp: 40.5°C (Peppa)
📡 Tick 96 | Max Temp: 40.5°C (Peppa)
📡 Tick 97 | Max Temp: 40.5°C (Peppa)
📡 Tick 98 | Max Temp: 40.5°C (Peppa)
📡 Tick 99 | Max Temp: 40.5°C (Peppa)
✅ Peppa fever subsiding after intervention (38.6°C).
✅ Peppa fever subsiding after intervention (38.6°C).
📡 Tick 100 | Max Temp: 38.8°C (Pig_Auto_949)
📡 Tick 101 | Max Temp: 38.8°C (Pig_Auto_949)
📡 Tick 102 | Max Temp: 38.8°C (Pig_Auto_949)
📡 Tick 103 | Max Temp: 38.8°C (Pig_Auto_949)
📡 Tick 104 | Max Temp: 38.8°C (Pig_Auto_949)
📡 Tick 105 | Max Temp: 38.8°C (Pig_Auto_949)
📡 Tick 106 | Max Temp: 38.8°C (Pig_Auto_949)
📡 Tick 107 | Max Temp: 38.8°C (Pig_Auto_949)
📡 Tick 108 | Max Temp: 38.8°C (Pig_Auto_949)
📡 Tick 109 | Max Temp: 38.8°C (Pig_Auto_949)
📡 Tick 110 | Max Temp: 38.8°C (Pig_Auto_949)
📡 Tick 111 | Max Temp: 38.8°C (Pig_Auto_949)
📡 Tick 112 | Max Temp: 38.8°C (Pig_Auto_949)
📡 Tick 113 | Max Temp: 38.8°C (Pig_Auto_949)
📡 Tick 114 | Max Temp: 38.8°C (Pig_Auto_949)
📡 Tick 115 | Max Temp: 38.8°C (Pig_Auto_949)
📡 Tick 116 | Max Temp: 38.8°C (Pig_Auto_949)
📡 Tick 117 | Max Temp: 38.8°C (Pig_Auto_949)
📡 Tick 118 | Max Temp: 38.8°C (Pig_Auto_949)
📡 Tick 119 | Max Temp: 38.8°C (Pig_Auto_949)
🔄 Stress test cycle complete. Resetting scenarios for next loop...
🧹 Cleaning up ghost pig: auto_1778156104120
🧹 Cleaning up ghost pig: auto_1778156103122
🔄 Stress test cycle complete. Resetting scenarios for next loop...
🔄 Stress test cycle complete. Resetting scenarios for next loop...
📡 Tick 0 | Max Temp: 38.5°C (Boss Hog)
📡 Tick 1 | Max Temp: 38.5°C (Boss Hog)
📡 Tick 2 | Max Temp: 38.5°C (Boss Hog)
📡 Tick 3 | Max Temp: 38.5°C (Boss Hog)
📡 Tick 4 | Max Temp: 38.5°C (Boss Hog)
📡 Tick 5 | Max Temp: 38.5°C (Boss Hog)
📡 Tick 6 | Max Temp: 38.5°C (Boss Hog)
📡 Tick 7 | Max Temp: 38.5°C (Boss Hog)
📡 Tick 8 | Max Temp: 38.5°C (Boss Hog)
📡 Tick 9 | Max Temp: 38.5°C (Boss Hog)
📡 Tick 10 | Max Temp: 38.5°C (Boss Hog)
📡 Tick 11 | Max Temp: 38.5°C (Boss Hog)
📡 Tick 12 | Max Temp: 38.5°C (Boss Hog)
📡 Tick 13 | Max Temp: 38.5°C (Boss Hog)
📡 Tick 14 | Max Temp: 38.5°C (Boss Hog)
📡 Tick 15 | Max Temp: 38.5°C (Boss Hog)
📡 Tick 16 | Max Temp: 38.5°C (Boss Hog)
📡 Tick 17 | Max Temp: 38.5°C (Boss Hog)
📡 Tick 18 | Max Temp: 38.5°C (Boss Hog)
📡 Tick 19 | Max Temp: 38.5°C (Boss Hog)
👀 NEW UNIDENTIFIED PIG DETECTED!
👀 NEW UNIDENTIFIED PIG DETECTED!
👀 NEW UNIDENTIFIED PIG DETECTED!
📡 Tick 20 | Max Temp: 38.8°C (Pig_Auto_485)
📡 Tick 21 | Max Temp: 38.8°C (Pig_Auto_485)
📡 Tick 22 | Max Temp: 38.8°C (Pig_Auto_485)
📡 Tick 23 | Max Temp: 38.8°C (Pig_Auto_485)
📡 Tick 24 | Max Temp: 38.8°C (Pig_Auto_485)
📡 Tick 25 | Max Temp: 38.8°C (Pig_Auto_485)
📡 Tick 26 | Max Temp: 38.8°C (Pig_Auto_485)
📡 Tick 27 | Max Temp: 38.8°C (Pig_Auto_485)
📡 Tick 28 | Max Temp: 38.8°C (Pig_Auto_485)
📡 Tick 29 | Max Temp: 38.8°C (Pig_Auto_485)
📡 Tick 30 | Max Temp: 38.8°C (Pig_Auto_485)
📡 Tick 31 | Max Temp: 38.8°C (Pig_Auto_485)
📡 Tick 32 | Max Temp: 38.8°C (Pig_Auto_485)
📡 Tick 33 | Max Temp: 38.8°C (Pig_Auto_485)
📡 Tick 34 | Max Temp: 38.8°C (Pig_Auto_485)
📡 Tick 35 | Max Temp: 38.8°C (Pig_Auto_485)
📡 Tick 36 | Max Temp: 38.8°C (Pig_Auto_485)
📡 Tick 37 | Max Temp: 38.8°C (Pig_Auto_485)
📡 Tick 38 | Max Temp: 38.8°C (Pig_Auto_485)
📡 Tick 39 | Max Temp: 38.8°C (Pig_Auto_485)
🔥 Peppa has developed a fever and cough (Respiratory Distress)!
🔥 Peppa has developed a fever and cough (Respiratory Distress)!
🔥 Peppa has developed a fever and cough (Respiratory Distress)!
📡 Tick 40 | Max Temp: 40.5°C (Peppa)
📡 Tick 41 | Max Temp: 40.5°C (Peppa)
📡 Tick 42 | Max Temp: 40.5°C (Peppa)
📡 Tick 43 | Max Temp: 40.5°C (Peppa)
📡 Tick 44 | Max Temp: 40.5°C (Peppa)
📡 Tick 45 | Max Temp: 40.5°C (Peppa)
📡 Tick 46 | Max Temp: 40.5°C (Peppa)
📡 Tick 47 | Max Temp: 40.5°C (Peppa)
📡 Tick 48 | Max Temp: 40.5°C (Peppa)
📡 Tick 49 | Max Temp: 40.5°C (Peppa)
📡 Tick 50 | Max Temp: 40.5°C (Peppa)
📡 Tick 51 | Max Temp: 40.5°C (Peppa)
📡 Tick 52 | Max Temp: 40.5°C (Peppa)
📡 Tick 53 | Max Temp: 40.5°C (Peppa)
📡 Tick 54 | Max Temp: 40.5°C (Peppa)
📡 Tick 55 | Max Temp: 40.5°C (Peppa)
📡 Tick 56 | Max Temp: 40.5°C (Peppa)
📡 Tick 57 | Max Temp: 40.5°C (Peppa)
📡 Tick 58 | Max Temp: 40.5°C (Peppa)
📡 Tick 59 | Max Temp: 40.5°C (Peppa)
🚨 Boss Hog has become lethargic (No movement detected)!
🚨 Boss Hog has become lethargic (No movement detected)!
📡 Tick 60 | Max Temp: 40.5°C (Peppa)
📡 Tick 61 | Max Temp: 40.5°C (Peppa)
📡 Tick 62 | Max Temp: 40.5°C (Peppa)
📡 Tick 63 | Max Temp: 40.5°C (Peppa)
📡 Tick 64 | Max Temp: 40.5°C (Peppa)
📡 Tick 65 | Max Temp: 40.5°C (Peppa)
📡 Tick 66 | Max Temp: 40.5°C (Peppa)
📡 Tick 67 | Max Temp: 40.5°C (Peppa)
📡 Tick 68 | Max Temp: 40.5°C (Peppa)
📡 Tick 69 | Max Temp: 40.5°C (Peppa)
📡 Tick 70 | Max Temp: 40.5°C (Peppa)
📡 Tick 71 | Max Temp: 40.5°C (Peppa)
📡 Tick 72 | Max Temp: 40.5°C (Peppa)
📡 Tick 73 | Max Temp: 40.5°C (Peppa)
📡 Tick 74 | Max Temp: 40.5°C (Peppa)
📡 Tick 75 | Max Temp: 40.5°C (Peppa)
📡 Tick 76 | Max Temp: 40.5°C (Peppa)
📡 Tick 77 | Max Temp: 40.5°C (Peppa)
📡 Tick 78 | Max Temp: 40.5°C (Peppa)
📡 Tick 79 | Max Temp: 40.5°C (Peppa)
✅ Boss Hog resumed normal activity.
📡 Tick 80 | Max Temp: 40.5°C (Peppa)
📡 Tick 81 | Max Temp: 40.5°C (Peppa)
📡 Tick 82 | Max Temp: 40.5°C (Peppa)
📡 Tick 83 | Max Temp: 40.5°C (Peppa)
📡 Tick 84 | Max Temp: 40.5°C (Peppa)
📡 Tick 85 | Max Temp: 40.5°C (Peppa)
📡 Tick 86 | Max Temp: 40.5°C (Peppa)
📡 Tick 87 | Max Temp: 40.5°C (Peppa)
📡 Tick 88 | Max Temp: 40.5°C (Peppa)
📡 Tick 89 | Max Temp: 40.5°C (Peppa)
📡 Tick 90 | Max Temp: 40.5°C (Peppa)
📡 Tick 91 | Max Temp: 40.5°C (Peppa)
📡 Tick 92 | Max Temp: 40.5°C (Peppa)
📡 Tick 93 | Max Temp: 40.5°C (Peppa)
📡 Tick 94 | Max Temp: 40.5°C (Peppa)
📡 Tick 95 | Max Temp: 40.5°C (Peppa)
📡 Tick 96 | Max Temp: 40.5°C (Peppa)
📡 Tick 97 | Max Temp: 40.5°C (Peppa)
📡 Tick 98 | Max Temp: 40.5°C (Peppa)
📡 Tick 99 | Max Temp: 40.5°C (Peppa)
✅ Peppa fever subsiding after intervention (38.6°C).
✅ Peppa fever subsiding after intervention (38.6°C).
📡 Tick 100 | Max Temp: 38.8°C (Pig_Auto_485)
📡 Tick 101 | Max Temp: 38.8°C (Pig_Auto_485)
📡 Tick 102 | Max Temp: 38.8°C (Pig_Auto_485)
📡 Tick 103 | Max Temp: 38.8°C (Pig_Auto_485)
📡 Tick 104 | Max Temp: 38.8°C (Pig_Auto_485)
📡 Tick 105 | Max Temp: 38.8°C (Pig_Auto_485)
📡 Tick 106 | Max Temp: 38.8°C (Pig_Auto_485)
📡 Tick 107 | Max Temp: 38.8°C (Pig_Auto_485)
📡 Tick 108 | Max Temp: 38.8°C (Pig_Auto_485)
📡 Tick 109 | Max Temp: 38.8°C (Pig_Auto_485)
📡 Tick 110 | Max Temp: 38.8°C (Pig_Auto_485)
📡 Tick 111 | Max Temp: 38.8°C (Pig_Auto_485)
📡 Tick 112 | Max Temp: 38.8°C (Pig_Auto_485)
📡 Tick 113 | Max Temp: 38.8°C (Pig_Auto_485)
📡 Tick 114 | Max Temp: 38.8°C (Pig_Auto_485)
📡 Tick 115 | Max Temp: 38.8°C (Pig_Auto_485)
📡 Tick 116 | Max Temp: 38.8°C (Pig_Auto_485)
📡 Tick 117 | Max Temp: 38.8°C (Pig_Auto_485)
📡 Tick 118 | Max Temp: 38.8°C (Pig_Auto_485)
📡 Tick 119 | Max Temp: 38.8°C (Pig_Auto_485)
🔄 Stress test cycle complete. Resetting scenarios for next loop...
🧹 Cleaning up ghost pig: auto_1778156230849
🧹 Cleaning up ghost pig: auto_1778156229858
🧹 Cleaning up ghost pig: auto_1778156228849
🔄 Stress test cycle complete. Resetting scenarios for next loop...
📡 Tick 0 | Max Temp: 38.5°C (Boss Hog)
📡 Tick 1 | Max Temp: 38.5°C (Boss Hog)
📡 Tick 2 | Max Temp: 38.5°C (Boss Hog)
📡 Tick 3 | Max Temp: 38.5°C (Boss Hog)
📡 Tick 4 | Max Temp: 38.5°C (Boss Hog)
📡 Tick 5 | Max Temp: 38.5°C (Boss Hog)
📡 Tick 6 | Max Temp: 38.5°C (Boss Hog)
📡 Tick 7 | Max Temp: 38.5°C (Boss Hog)
📡 Tick 8 | Max Temp: 38.5°C (Boss Hog)
📡 Tick 9 | Max Temp: 38.5°C (Boss Hog)
📡 Tick 10 | Max Temp: 38.5°C (Boss Hog)
📡 Tick 11 | Max Temp: 38.5°C (Boss Hog)
📡 Tick 12 | Max Temp: 38.5°C (Boss Hog)
📡 Tick 13 | Max Temp: 38.5°C (Boss Hog)
📡 Tick 14 | Max Temp: 38.5°C (Boss Hog)
📡 Tick 15 | Max Temp: 38.5°C (Boss Hog)
📡 Tick 16 | Max Temp: 38.5°C (Boss Hog)
📡 Tick 17 | Max Temp: 38.5°C (Boss Hog)
📡 Tick 18 | Max Temp: 38.5°C (Boss Hog)
📡 Tick 19 | Max Temp: 38.5°C (Boss Hog)
👀 NEW UNIDENTIFIED PIG DETECTED!
👀 NEW UNIDENTIFIED PIG DETECTED!
📡 Tick 20 | Max Temp: 38.8°C (Pig_Auto_561)
📡 Tick 21 | Max Temp: 38.8°C (Pig_Auto_561)
📡 Tick 22 | Max Temp: 38.8°C (Pig_Auto_561)
📡 Tick 23 | Max Temp: 38.8°C (Pig_Auto_561)
📡 Tick 24 | Max Temp: 38.8°C (Pig_Auto_561)
📡 Tick 25 | Max Temp: 38.8°C (Pig_Auto_561)
📡 Tick 26 | Max Temp: 38.8°C (Pig_Auto_561)
📡 Tick 27 | Max Temp: 38.8°C (Pig_Auto_561)
📡 Tick 28 | Max Temp: 38.8°C (Pig_Auto_561)
📡 Tick 29 | Max Temp: 38.8°C (Pig_Auto_561)
📡 Tick 30 | Max Temp: 38.8°C (Pig_Auto_561)
📡 Tick 31 | Max Temp: 38.8°C (Pig_Auto_561)
📡 Tick 32 | Max Temp: 38.8°C (Pig_Auto_561)
📡 Tick 33 | Max Temp: 38.8°C (Pig_Auto_561)
📡 Tick 34 | Max Temp: 38.8°C (Pig_Auto_561)
📡 Tick 35 | Max Temp: 38.8°C (Pig_Auto_561)
📡 Tick 36 | Max Temp: 38.8°C (Pig_Auto_561)
📡 Tick 37 | Max Temp: 38.8°C (Pig_Auto_561)
📡 Tick 38 | Max Temp: 38.8°C (Pig_Auto_561)
📡 Tick 39 | Max Temp: 38.8°C (Pig_Auto_561)
🔥 Peppa has developed a fever and cough (Respiratory Distress)!
🔥 Peppa has developed a fever and cough (Respiratory Distress)!
📡 Tick 40 | Max Temp: 40.5°C (Peppa)
📡 Tick 41 | Max Temp: 40.5°C (Peppa)
📡 Tick 42 | Max Temp: 40.5°C (Peppa)
📡 Tick 43 | Max Temp: 40.5°C (Peppa)
📡 Tick 44 | Max Temp: 40.5°C (Peppa)
📡 Tick 45 | Max Temp: 40.5°C (Peppa)
📡 Tick 46 | Max Temp: 40.5°C (Peppa)
📡 Tick 47 | Max Temp: 40.5°C (Peppa)
📡 Tick 48 | Max Temp: 40.5°C (Peppa)
📡 Tick 49 | Max Temp: 40.5°C (Peppa)
📡 Tick 50 | Max Temp: 40.5°C (Peppa)
📡 Tick 51 | Max Temp: 40.5°C (Peppa)
📡 Tick 52 | Max Temp: 40.5°C (Peppa)
📡 Tick 53 | Max Temp: 40.5°C (Peppa)
📡 Tick 54 | Max Temp: 40.5°C (Peppa)
📡 Tick 55 | Max Temp: 40.5°C (Peppa)
📡 Tick 56 | Max Temp: 40.5°C (Peppa)
📡 Tick 57 | Max Temp: 40.5°C (Peppa)
📡 Tick 58 | Max Temp: 40.5°C (Peppa)
📡 Tick 59 | Max Temp: 40.5°C (Peppa)
🚨 Boss Hog has become lethargic (No movement detected)!
🚨 Boss Hog has become lethargic (No movement detected)!
📡 Tick 60 | Max Temp: 40.5°C (Peppa)
📡 Tick 61 | Max Temp: 40.5°C (Peppa)
📡 Tick 62 | Max Temp: 40.5°C (Peppa)
📡 Tick 63 | Max Temp: 40.5°C (Peppa)
📡 Tick 64 | Max Temp: 40.5°C (Peppa)
📡 Tick 65 | Max Temp: 40.5°C (Peppa)
📡 Tick 66 | Max Temp: 40.5°C (Peppa)
📡 Tick 67 | Max Temp: 40.5°C (Peppa)
📡 Tick 68 | Max Temp: 40.5°C (Peppa)
📡 Tick 69 | Max Temp: 40.5°C (Peppa)
📡 Tick 70 | Max Temp: 40.5°C (Peppa)
📡 Tick 71 | Max Temp: 40.5°C (Peppa)
📡 Tick 72 | Max Temp: 40.5°C (Peppa)
📡 Tick 73 | Max Temp: 40.5°C (Peppa)
📡 Tick 74 | Max Temp: 40.5°C (Peppa)
📡 Tick 75 | Max Temp: 40.5°C (Peppa)
📡 Tick 76 | Max Temp: 40.5°C (Peppa)
📡 Tick 77 | Max Temp: 40.5°C (Peppa)
📡 Tick 78 | Max Temp: 40.5°C (Peppa)
📡 Tick 79 | Max Temp: 40.5°C (Peppa)
✅ Boss Hog resumed normal activity.
✅ Boss Hog resumed normal activity.
📡 Tick 80 | Max Temp: 40.5°C (Peppa)
📡 Tick 81 | Max Temp: 40.5°C (Peppa)
📡 Tick 82 | Max Temp: 40.5°C (Peppa)
📡 Tick 83 | Max Temp: 40.5°C (Peppa)
📡 Tick 84 | Max Temp: 40.5°C (Peppa)
📡 Tick 85 | Max Temp: 40.5°C (Peppa)
📡 Tick 86 | Max Temp: 40.5°C (Peppa)
📡 Tick 87 | Max Temp: 40.5°C (Peppa)
📡 Tick 88 | Max Temp: 40.5°C (Peppa)
📡 Tick 89 | Max Temp: 40.5°C (Peppa)
📡 Tick 90 | Max Temp: 40.5°C (Peppa)
📡 Tick 91 | Max Temp: 40.5°C (Peppa)
📡 Tick 92 | Max Temp: 40.5°C (Peppa)
📡 Tick 93 | Max Temp: 40.5°C (Peppa)
📡 Tick 94 | Max Temp: 40.5°C (Peppa)
📡 Tick 95 | Max Temp: 40.5°C (Peppa)
📡 Tick 96 | Max Temp: 40.5°C (Peppa)
📡 Tick 97 | Max Temp: 40.5°C (Peppa)
📡 Tick 98 | Max Temp: 40.5°C (Peppa)
📡 Tick 99 | Max Temp: 40.5°C (Peppa)
✅ Peppa fever subsiding after intervention (38.6°C).
✅ Peppa fever subsiding after intervention (38.6°C).
📡 Tick 100 | Max Temp: 38.8°C (Pig_Auto_561)
📡 Tick 101 | Max Temp: 38.8°C (Pig_Auto_561)
📡 Tick 102 | Max Temp: 38.8°C (Pig_Auto_561)
📡 Tick 103 | Max Temp: 38.8°C (Pig_Auto_561)
📡 Tick 104 | Max Temp: 38.8°C (Pig_Auto_561)
📡 Tick 105 | Max Temp: 38.8°C (Pig_Auto_561)
📡 Tick 106 | Max Temp: 38.8°C (Pig_Auto_561)
📡 Tick 107 | Max Temp: 38.8°C (Pig_Auto_561)
📡 Tick 108 | Max Temp: 38.8°C (Pig_Auto_561)
📡 Tick 109 | Max Temp: 38.8°C (Pig_Auto_561)
📡 Tick 110 | Max Temp: 38.8°C (Pig_Auto_561)
📡 Tick 111 | Max Temp: 38.8°C (Pig_Auto_561)
📡 Tick 112 | Max Temp: 38.8°C (Pig_Auto_561)
📡 Tick 113 | Max Temp: 38.8°C (Pig_Auto_561)
📡 Tick 114 | Max Temp: 38.8°C (Pig_Auto_561)
📡 Tick 115 | Max Temp: 38.8°C (Pig_Auto_561)
📡 Tick 116 | Max Temp: 38.8°C (Pig_Auto_561)
📡 Tick 117 | Max Temp: 38.8°C (Pig_Auto_561)
📡 Tick 118 | Max Temp: 38.8°C (Pig_Auto_561)
📡 Tick 119 | Max Temp: 38.8°C (Pig_Auto_561)
🔄 Stress test cycle complete. Resetting scenarios for next loop...
🧹 Cleaning up ghost pig: auto_1778156352345
🧹 Cleaning up ghost pig: auto_1778156351345
🔄 Stress test cycle complete. Resetting scenarios for next loop...
📡 Tick 0 | Max Temp: 38.5°C (Boss Hog)
📡 Tick 1 | Max Temp: 38.5°C (Boss Hog)
📡 Tick 2 | Max Temp: 38.5°C (Boss Hog)
📡 Tick 3 | Max Temp: 38.5°C (Boss Hog)
📡 Tick 4 | Max Temp: 38.5°C (Boss Hog)
📡 Tick 5 | Max Temp: 38.5°C (Boss Hog)
📡 Tick 6 | Max Temp: 38.5°C (Boss Hog)
📡 Tick 7 | Max Temp: 38.5°C (Boss Hog)
📡 Tick 8 | Max Temp: 38.5°C (Boss Hog)
📡 Tick 9 | Max Temp: 38.5°C (Boss Hog)
📡 Tick 10 | Max Temp: 38.5°C (Boss Hog)
📡 Tick 11 | Max Temp: 38.5°C (Boss Hog)
📡 Tick 12 | Max Temp: 38.5°C (Boss Hog)
📡 Tick 13 | Max Temp: 38.5°C (Boss Hog)
📡 Tick 14 | Max Temp: 38.5°C (Boss Hog)
📡 Tick 15 | Max Temp: 38.5°C (Boss Hog)
📡 Tick 16 | Max Temp: 38.5°C (Boss Hog)
📡 Tick 17 | Max Temp: 38.5°C (Boss Hog)
📡 Tick 18 | Max Temp: 38.5°C (Boss Hog)
📡 Tick 19 | Max Temp: 38.5°C (Boss Hog)
👀 NEW UNIDENTIFIED PIG DETECTED!
👀 NEW UNIDENTIFIED PIG DETECTED!
📡 Tick 20 | Max Temp: 38.8°C (Pig_Auto_142)
📡 Tick 21 | Max Temp: 38.8°C (Pig_Auto_142)
📡 Tick 22 | Max Temp: 38.8°C (Pig_Auto_142)
📡 Tick 23 | Max Temp: 38.8°C (Pig_Auto_142)
📡 Tick 24 | Max Temp: 38.8°C (Pig_Auto_142)
📡 Tick 25 | Max Temp: 38.8°C (Pig_Auto_142)
📡 Tick 26 | Max Temp: 38.8°C (Pig_Auto_142)
📡 Tick 27 | Max Temp: 38.8°C (Pig_Auto_142)
📡 Tick 28 | Max Temp: 38.8°C (Pig_Auto_142)
📡 Tick 29 | Max Temp: 38.8°C (Pig_Auto_142)
📡 Tick 30 | Max Temp: 38.8°C (Pig_Auto_142)
📡 Tick 31 | Max Temp: 38.8°C (Pig_Auto_142)
📡 Tick 32 | Max Temp: 38.8°C (Pig_Auto_142)
📡 Tick 33 | Max Temp: 38.8°C (Pig_Auto_142)
📡 Tick 34 | Max Temp: 38.8°C (Pig_Auto_142)
📡 Tick 35 | Max Temp: 38.8°C (Pig_Auto_142)
📡 Tick 36 | Max Temp: 38.8°C (Pig_Auto_142)
📡 Tick 37 | Max Temp: 38.8°C (Pig_Auto_142)
📡 Tick 38 | Max Temp: 38.8°C (Pig_Auto_142)
📡 Tick 39 | Max Temp: 38.8°C (Pig_Auto_142)
🔥 Peppa has developed a fever and cough (Respiratory Distress)!
🔥 Peppa has developed a fever and cough (Respiratory Distress)!
📡 Tick 40 | Max Temp: 40.5°C (Peppa)
📡 Tick 41 | Max Temp: 40.5°C (Peppa)
📡 Tick 42 | Max Temp: 40.5°C (Peppa)
📡 Tick 43 | Max Temp: 40.5°C (Peppa)
📡 Tick 44 | Max Temp: 40.5°C (Peppa)
📡 Tick 45 | Max Temp: 40.5°C (Peppa)
📡 Tick 46 | Max Temp: 40.5°C (Peppa)
📡 Tick 47 | Max Temp: 40.5°C (Peppa)
📡 Tick 48 | Max Temp: 40.5°C (Peppa)
📡 Tick 49 | Max Temp: 40.5°C (Peppa)
📡 Tick 50 | Max Temp: 40.5°C (Peppa)
📡 Tick 51 | Max Temp: 40.5°C (Peppa)
📡 Tick 52 | Max Temp: 40.5°C (Peppa)
📡 Tick 53 | Max Temp: 40.5°C (Peppa)
📡 Tick 54 | Max Temp: 40.5°C (Peppa)
📡 Tick 55 | Max Temp: 40.5°C (Peppa)
📡 Tick 56 | Max Temp: 40.5°C (Peppa)
📡 Tick 57 | Max Temp: 40.5°C (Peppa)
📡 Tick 58 | Max Temp: 40.5°C (Peppa)
📡 Tick 59 | Max Temp: 40.5°C (Peppa)
🚨 Boss Hog has become lethargic (No movement detected)!
🚨 Boss Hog has become lethargic (No movement detected)!
🚨 Boss Hog has become lethargic (No movement detected)!
📡 Tick 60 | Max Temp: 40.5°C (Peppa)
📡 Tick 61 | Max Temp: 40.5°C (Peppa)
📡 Tick 62 | Max Temp: 40.5°C (Peppa)
📡 Tick 63 | Max Temp: 40.5°C (Peppa)
📡 Tick 64 | Max Temp: 40.5°C (Peppa)
📡 Tick 65 | Max Temp: 40.5°C (Peppa)
📡 Tick 66 | Max Temp: 40.5°C (Peppa)
📡 Tick 67 | Max Temp: 40.5°C (Peppa)
📡 Tick 68 | Max Temp: 40.5°C (Peppa)
📡 Tick 69 | Max Temp: 40.5°C (Peppa)
📡 Tick 70 | Max Temp: 40.5°C (Peppa)
📡 Tick 71 | Max Temp: 40.5°C (Peppa)
📡 Tick 72 | Max Temp: 40.5°C (Peppa)
📡 Tick 73 | Max Temp: 40.5°C (Peppa)
📡 Tick 74 | Max Temp: 40.5°C (Peppa)
📡 Tick 75 | Max Temp: 40.5°C (Peppa)
📡 Tick 76 | Max Temp: 40.5°C (Peppa)
📡 Tick 77 | Max Temp: 40.5°C (Peppa)
📡 Tick 78 | Max Temp: 40.5°C (Peppa)
📡 Tick 79 | Max Temp: 40.5°C (Peppa)
✅ Boss Hog resumed normal activity.
📡 Tick 80 | Max Temp: 40.5°C (Peppa)
📡 Tick 81 | Max Temp: 40.5°C (Peppa)
📡 Tick 82 | Max Temp: 40.5°C (Peppa)
📡 Tick 83 | Max Temp: 40.5°C (Peppa)
📡 Tick 84 | Max Temp: 40.5°C (Peppa)
📡 Tick 85 | Max Temp: 40.5°C (Peppa)
📡 Tick 86 | Max Temp: 40.5°C (Peppa)
📡 Tick 87 | Max Temp: 40.5°C (Peppa)
📡 Tick 88 | Max Temp: 40.5°C (Peppa)
📡 Tick 89 | Max Temp: 40.5°C (Peppa)
📡 Tick 90 | Max Temp: 40.5°C (Peppa)
📡 Tick 91 | Max Temp: 40.5°C (Peppa)
📡 Tick 92 | Max Temp: 40.5°C (Peppa)
📡 Tick 93 | Max Temp: 40.5°C (Peppa)
📡 Tick 94 | Max Temp: 40.5°C (Peppa)
📡 Tick 95 | Max Temp: 40.5°C (Peppa)
📡 Tick 96 | Max Temp: 40.5°C (Peppa)
📡 Tick 97 | Max Temp: 40.5°C (Peppa)
📡 Tick 98 | Max Temp: 40.5°C (Peppa)
📡 Tick 99 | Max Temp: 40.5°C (Peppa)
✅ Peppa fever subsiding after intervention (38.6°C).
✅ Peppa fever subsiding after intervention (38.6°C).
📡 Tick 100 | Max Temp: 38.8°C (Pig_Auto_142)
📡 Tick 101 | Max Temp: 38.8°C (Pig_Auto_142)
📡 Tick 102 | Max Temp: 38.8°C (Pig_Auto_142)
📡 Tick 103 | Max Temp: 38.8°C (Pig_Auto_142)
📡 Tick 104 | Max Temp: 38.8°C (Pig_Auto_142)
📡 Tick 105 | Max Temp: 38.8°C (Pig_Auto_142)
📡 Tick 106 | Max Temp: 38.8°C (Pig_Auto_142)
📡 Tick 107 | Max Temp: 38.8°C (Pig_Auto_142)
📡 Tick 108 | Max Temp: 38.8°C (Pig_Auto_142)
📡 Tick 109 | Max Temp: 38.8°C (Pig_Auto_142)
📡 Tick 110 | Max Temp: 38.8°C (Pig_Auto_142)
📡 Tick 111 | Max Temp: 38.8°C (Pig_Auto_142)
📡 Tick 112 | Max Temp: 38.8°C (Pig_Auto_142)
📡 Tick 113 | Max Temp: 38.8°C (Pig_Auto_142)
📡 Tick 114 | Max Temp: 38.8°C (Pig_Auto_142)
📡 Tick 115 | Max Temp: 38.8°C (Pig_Auto_142)
📡 Tick 116 | Max Temp: 38.8°C (Pig_Auto_142)
📡 Tick 117 | Max Temp: 38.8°C (Pig_Auto_142)
📡 Tick 118 | Max Temp: 38.8°C (Pig_Auto_142)
📡 Tick 119 | Max Temp: 38.8°C (Pig_Auto_142)
🔄 Stress test cycle complete. Resetting scenarios for next loop...
🧹 Cleaning up ghost pig: auto_1778156475477
🧹 Cleaning up ghost pig: auto_1778156474474
🔄 Stress test cycle complete. Resetting scenarios for next loop...
📡 Tick 0 | Max Temp: 38.5°C (Boss Hog)
📡 Tick 1 | Max Temp: 38.5°C (Boss Hog)
📡 Tick 2 | Max Temp: 38.5°C (Boss Hog)
📡 Tick 3 | Max Temp: 38.5°C (Boss Hog)
📡 Tick 4 | Max Temp: 38.5°C (Boss Hog)
📡 Tick 5 | Max Temp: 38.5°C (Boss Hog)
📡 Tick 6 | Max Temp: 38.5°C (Boss Hog)
📡 Tick 7 | Max Temp: 38.5°C (Boss Hog)
📡 Tick 8 | Max Temp: 38.5°C (Boss Hog)
📡 Tick 9 | Max Temp: 38.5°C (Boss Hog)
📡 Tick 10 | Max Temp: 38.5°C (Boss Hog)
📡 Tick 11 | Max Temp: 38.5°C (Boss Hog)
📡 Tick 12 | Max Temp: 38.5°C (Boss Hog)
📡 Tick 13 | Max Temp: 38.5°C (Boss Hog)
📡 Tick 14 | Max Temp: 38.5°C (Boss Hog)
📡 Tick 15 | Max Temp: 38.5°C (Boss Hog)
📡 Tick 16 | Max Temp: 38.5°C (Boss Hog)
📡 Tick 17 | Max Temp: 38.5°C (Boss Hog)
📡 Tick 18 | Max Temp: 38.5°C (Boss Hog)
📡 Tick 19 | Max Temp: 38.5°C (Boss Hog)
👀 NEW UNIDENTIFIED PIG DETECTED!
👀 NEW UNIDENTIFIED PIG DETECTED!
📡 Tick 20 | Max Temp: 38.8°C (Pig_Auto_630)
📡 Tick 21 | Max Temp: 38.8°C (Pig_Auto_630)
📡 Tick 22 | Max Temp: 38.8°C (Pig_Auto_630)
📡 Tick 23 | Max Temp: 38.8°C (Pig_Auto_630)
📡 Tick 24 | Max Temp: 38.8°C (Pig_Auto_630)
📡 Tick 25 | Max Temp: 38.8°C (Pig_Auto_630)
📡 Tick 26 | Max Temp: 38.8°C (Pig_Auto_630)
📡 Tick 27 | Max Temp: 38.8°C (Pig_Auto_630)
📡 Tick 28 | Max Temp: 38.8°C (Pig_Auto_630)
📡 Tick 29 | Max Temp: 38.8°C (Pig_Auto_630)
📡 Tick 30 | Max Temp: 38.8°C (Pig_Auto_630)
📡 Tick 31 | Max Temp: 38.8°C (Pig_Auto_630)
📡 Tick 32 | Max Temp: 38.8°C (Pig_Auto_630)
📡 Tick 33 | Max Temp: 38.8°C (Pig_Auto_630)
📡 Tick 34 | Max Temp: 38.8°C (Pig_Auto_630)
📡 Tick 35 | Max Temp: 38.8°C (Pig_Auto_630)
📡 Tick 36 | Max Temp: 38.8°C (Pig_Auto_630)
📡 Tick 37 | Max Temp: 38.8°C (Pig_Auto_630)
📡 Tick 38 | Max Temp: 38.8°C (Pig_Auto_630)
📡 Tick 39 | Max Temp: 38.8°C (Pig_Auto_630)
🔥 Peppa has developed a fever and cough (Respiratory Distress)!
📡 Tick 40 | Max Temp: 40.5°C (Peppa)
📡 Tick 41 | Max Temp: 40.5°C (Peppa)
📡 Tick 42 | Max Temp: 40.5°C (Peppa)
📡 Tick 43 | Max Temp: 40.5°C (Peppa)
📡 Tick 44 | Max Temp: 40.5°C (Peppa)
📡 Tick 45 | Max Temp: 40.5°C (Peppa)
📡 Tick 46 | Max Temp: 40.5°C (Peppa)
📡 Tick 47 | Max Temp: 40.5°C (Peppa)
📡 Tick 48 | Max Temp: 40.5°C (Peppa)
📡 Tick 49 | Max Temp: 40.5°C (Peppa)
📡 Tick 50 | Max Temp: 40.5°C (Peppa)
📡 Tick 51 | Max Temp: 40.5°C (Peppa)
📡 Tick 52 | Max Temp: 40.5°C (Peppa)
📡 Tick 53 | Max Temp: 40.5°C (Peppa)
📡 Tick 54 | Max Temp: 40.5°C (Peppa)
📡 Tick 55 | Max Temp: 40.5°C (Peppa)
📡 Tick 56 | Max Temp: 40.5°C (Peppa)
📡 Tick 57 | Max Temp: 40.5°C (Peppa)
📡 Tick 58 | Max Temp: 40.5°C (Peppa)
📡 Tick 59 | Max Temp: 40.5°C (Peppa)
🚨 Boss Hog has become lethargic (No movement detected)!
🚨 Boss Hog has become lethargic (No movement detected)!
🚨 Boss Hog has become lethargic (No movement detected)!
📡 Tick 60 | Max Temp: 40.5°C (Peppa)
📡 Tick 61 | Max Temp: 40.5°C (Peppa)
📡 Tick 62 | Max Temp: 40.5°C (Peppa)
📡 Tick 63 | Max Temp: 40.5°C (Peppa)
📡 Tick 64 | Max Temp: 40.5°C (Peppa)
📡 Tick 65 | Max Temp: 40.5°C (Peppa)
📡 Tick 66 | Max Temp: 40.5°C (Peppa)
📡 Tick 67 | Max Temp: 40.5°C (Peppa)
📡 Tick 68 | Max Temp: 40.5°C (Peppa)
📡 Tick 69 | Max Temp: 40.5°C (Peppa)
📡 Tick 70 | Max Temp: 40.5°C (Peppa)
📡 Tick 71 | Max Temp: 40.5°C (Peppa)
📡 Tick 72 | Max Temp: 40.5°C (Peppa)
📡 Tick 73 | Max Temp: 40.5°C (Peppa)
📡 Tick 74 | Max Temp: 40.5°C (Peppa)
📡 Tick 75 | Max Temp: 40.5°C (Peppa)
📡 Tick 76 | Max Temp: 40.5°C (Peppa)
📡 Tick 77 | Max Temp: 40.5°C (Peppa)
📡 Tick 78 | Max Temp: 40.5°C (Peppa)
📡 Tick 79 | Max Temp: 40.5°C (Peppa)
✅ Boss Hog resumed normal activity.
📡 Tick 80 | Max Temp: 40.5°C (Peppa)
📡 Tick 81 | Max Temp: 40.5°C (Peppa)
📡 Tick 82 | Max Temp: 40.5°C (Peppa)
📡 Tick 83 | Max Temp: 40.5°C (Peppa)
📡 Tick 84 | Max Temp: 40.5°C (Peppa)
📡 Tick 85 | Max Temp: 40.5°C (Peppa)
📡 Tick 86 | Max Temp: 40.5°C (Peppa)
📡 Tick 87 | Max Temp: 40.5°C (Peppa)
📡 Tick 88 | Max Temp: 40.5°C (Peppa)
📡 Tick 89 | Max Temp: 40.5°C (Peppa)
📡 Tick 90 | Max Temp: 40.5°C (Peppa)
📡 Tick 91 | Max Temp: 40.5°C (Peppa)
📡 Tick 92 | Max Temp: 40.5°C (Peppa)
📡 Tick 93 | Max Temp: 40.5°C (Peppa)
📡 Tick 94 | Max Temp: 40.5°C (Peppa)
📡 Tick 95 | Max Temp: 40.5°C (Peppa)
📡 Tick 96 | Max Temp: 40.5°C (Peppa)
📡 Tick 97 | Max Temp: 40.5°C (Peppa)
📡 Tick 98 | Max Temp: 40.5°C (Peppa)
📡 Tick 99 | Max Temp: 40.5°C (Peppa)
✅ Peppa fever subsiding after intervention (38.6°C).
✅ Peppa fever subsiding after intervention (38.6°C).
✅ Peppa fever subsiding after intervention (38.6°C).
📡 Tick 100 | Max Temp: 38.8°C (Pig_Auto_630)
📡 Tick 101 | Max Temp: 38.8°C (Pig_Auto_630)
📡 Tick 102 | Max Temp: 38.8°C (Pig_Auto_630)
📡 Tick 103 | Max Temp: 38.8°C (Pig_Auto_630)
📡 Tick 104 | Max Temp: 38.8°C (Pig_Auto_630)
📡 Tick 105 | Max Temp: 38.8°C (Pig_Auto_630)
📡 Tick 106 | Max Temp: 38.8°C (Pig_Auto_630)
📡 Tick 107 | Max Temp: 38.8°C (Pig_Auto_630)
📡 Tick 108 | Max Temp: 38.8°C (Pig_Auto_630)
📡 Tick 109 | Max Temp: 38.8°C (Pig_Auto_630)
📡 Tick 110 | Max Temp: 38.8°C (Pig_Auto_630)
📡 Tick 111 | Max Temp: 38.8°C (Pig_Auto_630)
📡 Tick 112 | Max Temp: 38.8°C (Pig_Auto_630)
📡 Tick 113 | Max Temp: 38.8°C (Pig_Auto_630)
📡 Tick 114 | Max Temp: 38.8°C (Pig_Auto_630)
📡 Tick 115 | Max Temp: 38.8°C (Pig_Auto_630)
📡 Tick 116 | Max Temp: 38.8°C (Pig_Auto_630)
📡 Tick 117 | Max Temp: 38.8°C (Pig_Auto_630)
📡 Tick 118 | Max Temp: 38.8°C (Pig_Auto_630)
📡 Tick 119 | Max Temp: 38.8°C (Pig_Auto_630)
🔄 Stress test cycle complete. Resetting scenarios for next loop...
🧹 Cleaning up ghost pig: auto_1778156598031
🧹 Cleaning up ghost pig: auto_1778156597030
🔄 Stress test cycle complete. Resetting scenarios for next loop...
📡 Tick 0 | Max Temp: 38.5°C (Boss Hog)
📡 Tick 1 | Max Temp: 38.5°C (Boss Hog)
📡 Tick 2 | Max Temp: 38.5°C (Boss Hog)
📡 Tick 3 | Max Temp: 38.5°C (Boss Hog)
📡 Tick 4 | Max Temp: 38.5°C (Boss Hog)
📡 Tick 5 | Max Temp: 38.5°C (Boss Hog)
📡 Tick 6 | Max Temp: 38.5°C (Boss Hog)
📡 Tick 7 | Max Temp: 38.5°C (Boss Hog)
📡 Tick 8 | Max Temp: 38.5°C (Boss Hog)
📡 Tick 9 | Max Temp: 38.5°C (Boss Hog)
📡 Tick 10 | Max Temp: 38.5°C (Boss Hog)
📡 Tick 11 | Max Temp: 38.5°C (Boss Hog)
📡 Tick 12 | Max Temp: 38.5°C (Boss Hog)
📡 Tick 13 | Max Temp: 38.5°C (Boss Hog)
📡 Tick 14 | Max Temp: 38.5°C (Boss Hog)
📡 Tick 15 | Max Temp: 38.5°C (Boss Hog)
📡 Tick 16 | Max Temp: 38.5°C (Boss Hog)
📡 Tick 17 | Max Temp: 38.5°C (Boss Hog)
📡 Tick 18 | Max Temp: 38.5°C (Boss Hog)
📡 Tick 19 | Max Temp: 38.5°C (Boss Hog)
👀 NEW UNIDENTIFIED PIG DETECTED!
👀 NEW UNIDENTIFIED PIG DETECTED!
📡 Tick 20 | Max Temp: 38.8°C (Pig_Auto_719)
📡 Tick 21 | Max Temp: 38.8°C (Pig_Auto_719)
📡 Tick 22 | Max Temp: 38.8°C (Pig_Auto_719)
📡 Tick 23 | Max Temp: 38.8°C (Pig_Auto_719)
📡 Tick 24 | Max Temp: 38.8°C (Pig_Auto_719)
📡 Tick 25 | Max Temp: 38.8°C (Pig_Auto_719)
📡 Tick 26 | Max Temp: 38.8°C (Pig_Auto_719)
📡 Tick 27 | Max Temp: 38.8°C (Pig_Auto_719)
📡 Tick 28 | Max Temp: 38.8°C (Pig_Auto_719)
📡 Tick 29 | Max Temp: 38.8°C (Pig_Auto_719)
📡 Tick 30 | Max Temp: 38.8°C (Pig_Auto_719)
📡 Tick 31 | Max Temp: 38.8°C (Pig_Auto_719)
📡 Tick 32 | Max Temp: 38.8°C (Pig_Auto_719)
📡 Tick 33 | Max Temp: 38.8°C (Pig_Auto_719)
📡 Tick 34 | Max Temp: 38.8°C (Pig_Auto_719)
📡 Tick 35 | Max Temp: 38.8°C (Pig_Auto_719)
📡 Tick 36 | Max Temp: 38.8°C (Pig_Auto_719)
📡 Tick 37 | Max Temp: 38.8°C (Pig_Auto_719)
📡 Tick 38 | Max Temp: 38.8°C (Pig_Auto_719)
📡 Tick 39 | Max Temp: 38.8°C (Pig_Auto_719)
🔥 Peppa has developed a fever and cough (Respiratory Distress)!
🔥 Peppa has developed a fever and cough (Respiratory Distress)!
📡 Tick 40 | Max Temp: 40.5°C (Peppa)
📡 Tick 41 | Max Temp: 40.5°C (Peppa)
📡 Tick 42 | Max Temp: 40.5°C (Peppa)
📡 Tick 43 | Max Temp: 40.5°C (Peppa)
📡 Tick 44 | Max Temp: 40.5°C (Peppa)
📡 Tick 45 | Max Temp: 40.5°C (Peppa)
📡 Tick 46 | Max Temp: 40.5°C (Peppa)
📡 Tick 47 | Max Temp: 40.5°C (Peppa)
📡 Tick 48 | Max Temp: 40.5°C (Peppa)
📡 Tick 49 | Max Temp: 40.5°C (Peppa)
📡 Tick 50 | Max Temp: 40.5°C (Peppa)
📡 Tick 51 | Max Temp: 40.5°C (Peppa)
📡 Tick 52 | Max Temp: 40.5°C (Peppa)
📡 Tick 53 | Max Temp: 40.5°C (Peppa)
📡 Tick 54 | Max Temp: 40.5°C (Peppa)
📡 Tick 55 | Max Temp: 40.5°C (Peppa)
📡 Tick 56 | Max Temp: 40.5°C (Peppa)
📡 Tick 57 | Max Temp: 40.5°C (Peppa)
📡 Tick 58 | Max Temp: 40.5°C (Peppa)
📡 Tick 59 | Max Temp: 40.5°C (Peppa)
🚨 Boss Hog has become lethargic (No movement detected)!
🚨 Boss Hog has become lethargic (No movement detected)!
📡 Tick 60 | Max Temp: 40.5°C (Peppa)
📡 Tick 61 | Max Temp: 40.5°C (Peppa)
📡 Tick 62 | Max Temp: 40.5°C (Peppa)
📡 Tick 63 | Max Temp: 40.5°C (Peppa)
📡 Tick 64 | Max Temp: 40.5°C (Peppa)
📡 Tick 65 | Max Temp: 40.5°C (Peppa)
📡 Tick 66 | Max Temp: 40.5°C (Peppa)
📡 Tick 67 | Max Temp: 40.5°C (Peppa)
📡 Tick 68 | Max Temp: 40.5°C (Peppa)
📡 Tick 69 | Max Temp: 40.5°C (Peppa)
📡 Tick 70 | Max Temp: 40.5°C (Peppa)
📡 Tick 71 | Max Temp: 40.5°C (Peppa)
📡 Tick 72 | Max Temp: 40.5°C (Peppa)
📡 Tick 73 | Max Temp: 40.5°C (Peppa)
📡 Tick 74 | Max Temp: 40.5°C (Peppa)
📡 Tick 75 | Max Temp: 40.5°C (Peppa)
📡 Tick 76 | Max Temp: 40.5°C (Peppa)
📡 Tick 77 | Max Temp: 40.5°C (Peppa)
📡 Tick 78 | Max Temp: 40.5°C (Peppa)
📡 Tick 79 | Max Temp: 40.5°C (Peppa)
✅ Boss Hog resumed normal activity.
📡 Tick 80 | Max Temp: 40.5°C (Peppa)
📡 Tick 81 | Max Temp: 40.5°C (Peppa)
📡 Tick 82 | Max Temp: 40.5°C (Peppa)
📡 Tick 83 | Max Temp: 40.5°C (Peppa)
📡 Tick 84 | Max Temp: 40.5°C (Peppa)
📡 Tick 85 | Max Temp: 40.5°C (Peppa)
📡 Tick 86 | Max Temp: 40.5°C (Peppa)
📡 Tick 87 | Max Temp: 40.5°C (Peppa)
📡 Tick 88 | Max Temp: 40.5°C (Peppa)
📡 Tick 89 | Max Temp: 40.5°C (Peppa)
📡 Tick 90 | Max Temp: 40.5°C (Peppa)
📡 Tick 91 | Max Temp: 40.5°C (Peppa)
📡 Tick 92 | Max Temp: 40.5°C (Peppa)
📡 Tick 93 | Max Temp: 40.5°C (Peppa)
📡 Tick 94 | Max Temp: 40.5°C (Peppa)
📡 Tick 95 | Max Temp: 40.5°C (Peppa)
📡 Tick 96 | Max Temp: 40.5°C (Peppa)
📡 Tick 97 | Max Temp: 40.5°C (Peppa)
📡 Tick 98 | Max Temp: 40.5°C (Peppa)
📡 Tick 99 | Max Temp: 40.5°C (Peppa)
✅ Peppa fever subsiding after intervention (38.6°C).
✅ Peppa fever subsiding after intervention (38.6°C).
📡 Tick 100 | Max Temp: 38.8°C (Pig_Auto_719)
📡 Tick 101 | Max Temp: 38.8°C (Pig_Auto_719)
📡 Tick 102 | Max Temp: 38.8°C (Pig_Auto_719)
📡 Tick 103 | Max Temp: 38.8°C (Pig_Auto_719)
📡 Tick 104 | Max Temp: 38.8°C (Pig_Auto_719)
📡 Tick 105 | Max Temp: 38.8°C (Pig_Auto_719)
📡 Tick 106 | Max Temp: 38.8°C (Pig_Auto_719)
📡 Tick 107 | Max Temp: 38.8°C (Pig_Auto_719)
📡 Tick 108 | Max Temp: 38.8°C (Pig_Auto_719)
📡 Tick 109 | Max Temp: 38.8°C (Pig_Auto_719)
📡 Tick 110 | Max Temp: 38.8°C (Pig_Auto_719)
📡 Tick 111 | Max Temp: 38.8°C (Pig_Auto_719)
📡 Tick 112 | Max Temp: 38.8°C (Pig_Auto_719)
📡 Tick 113 | Max Temp: 38.8°C (Pig_Auto_719)
📡 Tick 114 | Max Temp: 38.8°C (Pig_Auto_719)
📡 Tick 115 | Max Temp: 38.8°C (Pig_Auto_719)
📡 Tick 116 | Max Temp: 38.8°C (Pig_Auto_719)
📡 Tick 117 | Max Temp: 38.8°C (Pig_Auto_719)
📡 Tick 118 | Max Temp: 38.8°C (Pig_Auto_719)
📡 Tick 119 | Max Temp: 38.8°C (Pig_Auto_719)
🔄 Stress test cycle complete. Resetting scenarios for next loop...
🧹 Cleaning up ghost pig: auto_1778156720430
🧹 Cleaning up ghost pig: auto_1778156719430
🔄 Stress test cycle complete. Resetting scenarios for next loop...
📡 Tick 0 | Max Temp: 38.5°C (Boss Hog)
📡 Tick 1 | Max Temp: 38.5°C (Boss Hog)
📡 Tick 2 | Max Temp: 38.5°C (Boss Hog)
📡 Tick 3 | Max Temp: 38.5°C (Boss Hog)
📡 Tick 4 | Max Temp: 38.5°C (Boss Hog)
📡 Tick 5 | Max Temp: 38.5°C (Boss Hog)
📡 Tick 6 | Max Temp: 38.5°C (Boss Hog)
📡 Tick 7 | Max Temp: 38.5°C (Boss Hog)
📡 Tick 8 | Max Temp: 38.5°C (Boss Hog)
📡 Tick 9 | Max Temp: 38.5°C (Boss Hog)
📡 Tick 10 | Max Temp: 38.5°C (Boss Hog)
📡 Tick 11 | Max Temp: 38.5°C (Boss Hog)
📡 Tick 12 | Max Temp: 38.5°C (Boss Hog)
📡 Tick 13 | Max Temp: 38.5°C (Boss Hog)
📡 Tick 14 | Max Temp: 38.5°C (Boss Hog)
📡 Tick 15 | Max Temp: 38.5°C (Boss Hog)
📡 Tick 16 | Max Temp: 38.5°C (Boss Hog)
📡 Tick 17 | Max Temp: 38.5°C (Boss Hog)
📡 Tick 18 | Max Temp: 38.5°C (Boss Hog)
📡 Tick 19 | Max Temp: 38.5°C (Boss Hog)
👀 NEW UNIDENTIFIED PIG DETECTED!
👀 NEW UNIDENTIFIED PIG DETECTED!
📡 Tick 20 | Max Temp: 38.8°C (Pig_Auto_40)
📡 Tick 21 | Max Temp: 38.8°C (Pig_Auto_40)
📡 Tick 22 | Max Temp: 38.8°C (Pig_Auto_40)
📡 Tick 23 | Max Temp: 38.8°C (Pig_Auto_40)
📡 Tick 24 | Max Temp: 38.8°C (Pig_Auto_40)
📡 Tick 25 | Max Temp: 38.8°C (Pig_Auto_40)
📡 Tick 26 | Max Temp: 38.8°C (Pig_Auto_40)
📡 Tick 27 | Max Temp: 38.8°C (Pig_Auto_40)
📡 Tick 28 | Max Temp: 38.8°C (Pig_Auto_40)
📡 Tick 29 | Max Temp: 38.8°C (Pig_Auto_40)
📡 Tick 30 | Max Temp: 38.8°C (Pig_Auto_40)
📡 Tick 31 | Max Temp: 38.8°C (Pig_Auto_40)
📡 Tick 32 | Max Temp: 38.8°C (Pig_Auto_40)
📡 Tick 33 | Max Temp: 38.8°C (Pig_Auto_40)
📡 Tick 34 | Max Temp: 38.8°C (Pig_Auto_40)
📡 Tick 35 | Max Temp: 38.8°C (Pig_Auto_40)
📡 Tick 36 | Max Temp: 38.8°C (Pig_Auto_40)
📡 Tick 37 | Max Temp: 38.8°C (Pig_Auto_40)
📡 Tick 38 | Max Temp: 38.8°C (Pig_Auto_40)
📡 Tick 39 | Max Temp: 38.8°C (Pig_Auto_40)
🔥 Peppa has developed a fever and cough (Respiratory Distress)!
🔥 Peppa has developed a fever and cough (Respiratory Distress)!
📡 Tick 40 | Max Temp: 40.5°C (Peppa)
📡 Tick 41 | Max Temp: 40.5°C (Peppa)
📡 Tick 42 | Max Temp: 40.5°C (Peppa)
📡 Tick 43 | Max Temp: 40.5°C (Peppa)
📡 Tick 44 | Max Temp: 40.5°C (Peppa)
📡 Tick 45 | Max Temp: 40.5°C (Peppa)
📡 Tick 46 | Max Temp: 40.5°C (Peppa)
📡 Tick 47 | Max Temp: 40.5°C (Peppa)
📡 Tick 48 | Max Temp: 40.5°C (Peppa)
📡 Tick 49 | Max Temp: 40.5°C (Peppa)
📡 Tick 50 | Max Temp: 40.5°C (Peppa)
📡 Tick 51 | Max Temp: 40.5°C (Peppa)
📡 Tick 52 | Max Temp: 40.5°C (Peppa)
📡 Tick 53 | Max Temp: 40.5°C (Peppa)
📡 Tick 54 | Max Temp: 40.5°C (Peppa)
📡 Tick 55 | Max Temp: 40.5°C (Peppa)
📡 Tick 56 | Max Temp: 40.5°C (Peppa)
📡 Tick 57 | Max Temp: 40.5°C (Peppa)
📡 Tick 58 | Max Temp: 40.5°C (Peppa)
📡 Tick 59 | Max Temp: 40.5°C (Peppa)
🚨 Boss Hog has become lethargic (No movement detected)!
🚨 Boss Hog has become lethargic (No movement detected)!
🚨 Boss Hog has become lethargic (No movement detected)!
📡 Tick 60 | Max Temp: 40.5°C (Peppa)
📡 Tick 61 | Max Temp: 40.5°C (Peppa)
📡 Tick 62 | Max Temp: 40.5°C (Peppa)
📡 Tick 63 | Max Temp: 40.5°C (Peppa)
📡 Tick 64 | Max Temp: 40.5°C (Peppa)
📡 Tick 65 | Max Temp: 40.5°C (Peppa)
📡 Tick 66 | Max Temp: 40.5°C (Peppa)
📡 Tick 67 | Max Temp: 40.5°C (Peppa)
📡 Tick 68 | Max Temp: 40.5°C (Peppa)
📡 Tick 69 | Max Temp: 40.5°C (Peppa)
📡 Tick 70 | Max Temp: 40.5°C (Peppa)
📡 Tick 71 | Max Temp: 40.5°C (Peppa)
📡 Tick 72 | Max Temp: 40.5°C (Peppa)
📡 Tick 73 | Max Temp: 40.5°C (Peppa)
📡 Tick 74 | Max Temp: 40.5°C (Peppa)
📡 Tick 75 | Max Temp: 40.5°C (Peppa)
📡 Tick 76 | Max Temp: 40.5°C (Peppa)
📡 Tick 77 | Max Temp: 40.5°C (Peppa)
📡 Tick 78 | Max Temp: 40.5°C (Peppa)
📡 Tick 79 | Max Temp: 40.5°C (Peppa)
✅ Boss Hog resumed normal activity.
✅ Boss Hog resumed normal activity.
📡 Tick 80 | Max Temp: 40.5°C (Peppa)
📡 Tick 81 | Max Temp: 40.5°C (Peppa)
📡 Tick 82 | Max Temp: 40.5°C (Peppa)
📡 Tick 83 | Max Temp: 40.5°C (Peppa)
📡 Tick 84 | Max Temp: 40.5°C (Peppa)
📡 Tick 85 | Max Temp: 40.5°C (Peppa)
📡 Tick 86 | Max Temp: 40.5°C (Peppa)
📡 Tick 87 | Max Temp: 40.5°C (Peppa)
📡 Tick 88 | Max Temp: 40.5°C (Peppa)
📡 Tick 89 | Max Temp: 40.5°C (Peppa)
📡 Tick 90 | Max Temp: 40.5°C (Peppa)
📡 Tick 91 | Max Temp: 40.5°C (Peppa)
📡 Tick 92 | Max Temp: 40.5°C (Peppa)
📡 Tick 93 | Max Temp: 40.5°C (Peppa)
📡 Tick 94 | Max Temp: 40.5°C (Peppa)
📡 Tick 95 | Max Temp: 40.5°C (Peppa)
📡 Tick 96 | Max Temp: 40.5°C (Peppa)
📡 Tick 97 | Max Temp: 40.5°C (Peppa)
📡 Tick 98 | Max Temp: 40.5°C (Peppa)
📡 Tick 99 | Max Temp: 40.5°C (Peppa)
✅ Peppa fever subsiding after intervention (38.6°C).
✅ Peppa fever subsiding after intervention (38.6°C).
📡 Tick 100 | Max Temp: 38.8°C (Pig_Auto_40)
📡 Tick 101 | Max Temp: 38.8°C (Pig_Auto_40)
📡 Tick 102 | Max Temp: 38.8°C (Pig_Auto_40)
📡 Tick 103 | Max Temp: 38.8°C (Pig_Auto_40)
📡 Tick 104 | Max Temp: 38.8°C (Pig_Auto_40)
📡 Tick 105 | Max Temp: 38.8°C (Pig_Auto_40)
📡 Tick 106 | Max Temp: 38.8°C (Pig_Auto_40)
📡 Tick 107 | Max Temp: 38.8°C (Pig_Auto_40)
📡 Tick 108 | Max Temp: 38.8°C (Pig_Auto_40)
📡 Tick 109 | Max Temp: 38.8°C (Pig_Auto_40)
📡 Tick 110 | Max Temp: 38.8°C (Pig_Auto_40)
📡 Tick 111 | Max Temp: 38.8°C (Pig_Auto_40)
📡 Tick 112 | Max Temp: 38.8°C (Pig_Auto_40)
📡 Tick 113 | Max Temp: 38.8°C (Pig_Auto_40)
📡 Tick 114 | Max Temp: 38.8°C (Pig_Auto_40)
📡 Tick 115 | Max Temp: 38.8°C (Pig_Auto_40)
📡 Tick 116 | Max Temp: 38.8°C (Pig_Auto_40)
📡 Tick 117 | Max Temp: 38.8°C (Pig_Auto_40)
📡 Tick 118 | Max Temp: 38.8°C (Pig_Auto_40)
📡 Tick 119 | Max Temp: 38.8°C (Pig_Auto_40)
🔄 Stress test cycle complete. Resetting scenarios for next loop...
🧹 Cleaning up ghost pig: auto_1778156842601
🧹 Cleaning up ghost pig: auto_1778156841601
🔄 Stress test cycle complete. Resetting scenarios for next loop...
📡 Tick 0 | Max Temp: 38.5°C (Boss Hog)
📡 Tick 1 | Max Temp: 38.5°C (Boss Hog)
📡 Tick 2 | Max Temp: 38.5°C (Boss Hog)
📡 Tick 3 | Max Temp: 38.5°C (Boss Hog)
📡 Tick 4 | Max Temp: 38.5°C (Boss Hog)
📡 Tick 5 | Max Temp: 38.5°C (Boss Hog)
📡 Tick 6 | Max Temp: 38.5°C (Boss Hog)
📡 Tick 7 | Max Temp: 38.5°C (Boss Hog)
📡 Tick 8 | Max Temp: 38.5°C (Boss Hog)
📡 Tick 9 | Max Temp: 38.5°C (Boss Hog)
📡 Tick 10 | Max Temp: 38.5°C (Boss Hog)
📡 Tick 11 | Max Temp: 38.5°C (Boss Hog)
📡 Tick 12 | Max Temp: 38.5°C (Boss Hog)
📡 Tick 13 | Max Temp: 38.5°C (Boss Hog)
📡 Tick 14 | Max Temp: 38.5°C (Boss Hog)
📡 Tick 15 | Max Temp: 38.5°C (Boss Hog)
📡 Tick 16 | Max Temp: 38.5°C (Boss Hog)
📡 Tick 17 | Max Temp: 38.5°C (Boss Hog)
📡 Tick 18 | Max Temp: 38.5°C (Boss Hog)
📡 Tick 19 | Max Temp: 38.5°C (Boss Hog)
👀 NEW UNIDENTIFIED PIG DETECTED!
👀 NEW UNIDENTIFIED PIG DETECTED!
📡 Tick 20 | Max Temp: 38.8°C (Pig_Auto_448)
📡 Tick 21 | Max Temp: 38.8°C (Pig_Auto_448)
📡 Tick 22 | Max Temp: 38.8°C (Pig_Auto_448)
📡 Tick 23 | Max Temp: 38.8°C (Pig_Auto_448)
📡 Tick 24 | Max Temp: 38.8°C (Pig_Auto_448)
📡 Tick 25 | Max Temp: 38.8°C (Pig_Auto_448)
📡 Tick 26 | Max Temp: 38.8°C (Pig_Auto_448)
📡 Tick 27 | Max Temp: 38.8°C (Pig_Auto_448)
📡 Tick 28 | Max Temp: 38.8°C (Pig_Auto_448)
📡 Tick 29 | Max Temp: 38.8°C (Pig_Auto_448)
📡 Tick 30 | Max Temp: 38.8°C (Pig_Auto_448)
📡 Tick 31 | Max Temp: 38.8°C (Pig_Auto_448)
📡 Tick 32 | Max Temp: 38.8°C (Pig_Auto_448)
📡 Tick 33 | Max Temp: 38.8°C (Pig_Auto_448)
📡 Tick 34 | Max Temp: 38.8°C (Pig_Auto_448)
📡 Tick 35 | Max Temp: 38.8°C (Pig_Auto_448)
📡 Tick 36 | Max Temp: 38.8°C (Pig_Auto_448)
📡 Tick 37 | Max Temp: 38.8°C (Pig_Auto_448)
📡 Tick 38 | Max Temp: 38.8°C (Pig_Auto_448)
📡 Tick 39 | Max Temp: 38.8°C (Pig_Auto_448)
🔥 Peppa has developed a fever and cough (Respiratory Distress)!
🔥 Peppa has developed a fever and cough (Respiratory Distress)!
📡 Tick 40 | Max Temp: 40.5°C (Peppa)
📡 Tick 41 | Max Temp: 40.5°C (Peppa)
📡 Tick 42 | Max Temp: 40.5°C (Peppa)
📡 Tick 43 | Max Temp: 40.5°C (Peppa)
📡 Tick 44 | Max Temp: 40.5°C (Peppa)
📡 Tick 45 | Max Temp: 40.5°C (Peppa)
📡 Tick 46 | Max Temp: 40.5°C (Peppa)
📡 Tick 47 | Max Temp: 40.5°C (Peppa)
📡 Tick 48 | Max Temp: 40.5°C (Peppa)
📡 Tick 49 | Max Temp: 40.5°C (Peppa)
📡 Tick 50 | Max Temp: 40.5°C (Peppa)
📡 Tick 51 | Max Temp: 40.5°C (Peppa)
📡 Tick 52 | Max Temp: 40.5°C (Peppa)
📡 Tick 53 | Max Temp: 40.5°C (Peppa)
📡 Tick 54 | Max Temp: 40.5°C (Peppa)
📡 Tick 55 | Max Temp: 40.5°C (Peppa)
📡 Tick 56 | Max Temp: 40.5°C (Peppa)
📡 Tick 57 | Max Temp: 40.5°C (Peppa)
📡 Tick 58 | Max Temp: 40.5°C (Peppa)
📡 Tick 59 | Max Temp: 40.5°C (Peppa)
🚨 Boss Hog has become lethargic (No movement detected)!
🚨 Boss Hog has become lethargic (No movement detected)!
📡 Tick 60 | Max Temp: 40.5°C (Peppa)
📡 Tick 61 | Max Temp: 40.5°C (Peppa)
📡 Tick 62 | Max Temp: 40.5°C (Peppa)
📡 Tick 63 | Max Temp: 40.5°C (Peppa)
📡 Tick 64 | Max Temp: 40.5°C (Peppa)
📡 Tick 65 | Max Temp: 40.5°C (Peppa)
📡 Tick 66 | Max Temp: 40.5°C (Peppa)
📡 Tick 67 | Max Temp: 40.5°C (Peppa)
📡 Tick 68 | Max Temp: 40.5°C (Peppa)
📡 Tick 69 | Max Temp: 40.5°C (Peppa)
📡 Tick 70 | Max Temp: 40.5°C (Peppa)
📡 Tick 71 | Max Temp: 40.5°C (Peppa)
📡 Tick 72 | Max Temp: 40.5°C (Peppa)
📡 Tick 73 | Max Temp: 40.5°C (Peppa)
📡 Tick 74 | Max Temp: 40.5°C (Peppa)
📡 Tick 75 | Max Temp: 40.5°C (Peppa)
📡 Tick 76 | Max Temp: 40.5°C (Peppa)
📡 Tick 77 | Max Temp: 40.5°C (Peppa)
📡 Tick 78 | Max Temp: 40.5°C (Peppa)
📡 Tick 79 | Max Temp: 40.5°C (Peppa)
✅ Boss Hog resumed normal activity.
✅ Boss Hog resumed normal activity.
📡 Tick 80 | Max Temp: 40.5°C (Peppa)
📡 Tick 81 | Max Temp: 40.5°C (Peppa)
📡 Tick 82 | Max Temp: 40.5°C (Peppa)
📡 Tick 83 | Max Temp: 40.5°C (Peppa)
📡 Tick 84 | Max Temp: 40.5°C (Peppa)
📡 Tick 85 | Max Temp: 40.5°C (Peppa)
📡 Tick 86 | Max Temp: 40.5°C (Peppa)
📡 Tick 87 | Max Temp: 40.5°C (Peppa)
📡 Tick 88 | Max Temp: 40.5°C (Peppa)
📡 Tick 89 | Max Temp: 40.5°C (Peppa)
📡 Tick 90 | Max Temp: 40.5°C (Peppa)
📡 Tick 91 | Max Temp: 40.5°C (Peppa)
📡 Tick 92 | Max Temp: 40.5°C (Peppa)
📡 Tick 93 | Max Temp: 40.5°C (Peppa)
📡 Tick 94 | Max Temp: 40.5°C (Peppa)
📡 Tick 95 | Max Temp: 40.5°C (Peppa)
📡 Tick 96 | Max Temp: 40.5°C (Peppa)
📡 Tick 97 | Max Temp: 40.5°C (Peppa)
📡 Tick 98 | Max Temp: 40.5°C (Peppa)
📡 Tick 99 | Max Temp: 40.5°C (Peppa)
✅ Peppa fever subsiding after intervention (38.6°C).
✅ Peppa fever subsiding after intervention (38.6°C).
📡 Tick 100 | Max Temp: 38.8°C (Pig_Auto_448)
📡 Tick 101 | Max Temp: 38.8°C (Pig_Auto_448)
📡 Tick 102 | Max Temp: 38.8°C (Pig_Auto_448)
📡 Tick 103 | Max Temp: 38.8°C (Pig_Auto_448)
📡 Tick 104 | Max Temp: 38.8°C (Pig_Auto_448)
📡 Tick 105 | Max Temp: 38.8°C (Pig_Auto_448)
📡 Tick 106 | Max Temp: 38.8°C (Pig_Auto_448)
📡 Tick 107 | Max Temp: 38.8°C (Pig_Auto_448)
📡 Tick 108 | Max Temp: 38.8°C (Pig_Auto_448)
📡 Tick 109 | Max Temp: 38.8°C (Pig_Auto_448)
📡 Tick 110 | Max Temp: 38.8°C (Pig_Auto_448)
📡 Tick 111 | Max Temp: 38.8°C (Pig_Auto_448)
📡 Tick 112 | Max Temp: 38.8°C (Pig_Auto_448)
📡 Tick 113 | Max Temp: 38.8°C (Pig_Auto_448)
📡 Tick 114 | Max Temp: 38.8°C (Pig_Auto_448)
📡 Tick 115 | Max Temp: 38.8°C (Pig_Auto_448)
📡 Tick 116 | Max Temp: 38.8°C (Pig_Auto_448)
📡 Tick 117 | Max Temp: 38.8°C (Pig_Auto_448)
📡 Tick 118 | Max Temp: 38.8°C (Pig_Auto_448)
📡 Tick 119 | Max Temp: 38.8°C (Pig_Auto_448)
🔄 Stress test cycle complete. Resetting scenarios for next loop...
🧹 Cleaning up ghost pig: auto_1778156966947
🧹 Cleaning up ghost pig: auto_1778156965947
🔄 Stress test cycle complete. Resetting scenarios for next loop...
📡 Tick 0 | Max Temp: 38.5°C (Boss Hog)
📡 Tick 1 | Max Temp: 38.5°C (Boss Hog)
📡 Tick 2 | Max Temp: 38.5°C (Boss Hog)
📡 Tick 3 | Max Temp: 38.5°C (Boss Hog)
📡 Tick 4 | Max Temp: 38.5°C (Boss Hog)
📡 Tick 5 | Max Temp: 38.5°C (Boss Hog)
📡 Tick 6 | Max Temp: 38.5°C (Boss Hog)
📡 Tick 7 | Max Temp: 38.5°C (Boss Hog)
📡 Tick 8 | Max Temp: 38.5°C (Boss Hog)
📡 Tick 9 | Max Temp: 38.5°C (Boss Hog)
📡 Tick 10 | Max Temp: 38.5°C (Boss Hog)
📡 Tick 11 | Max Temp: 38.5°C (Boss Hog)
📡 Tick 12 | Max Temp: 38.5°C (Boss Hog)
📡 Tick 13 | Max Temp: 38.5°C (Boss Hog)
📡 Tick 14 | Max Temp: 38.5°C (Boss Hog)
📡 Tick 15 | Max Temp: 38.5°C (Boss Hog)
📡 Tick 16 | Max Temp: 38.5°C (Boss Hog)
📡 Tick 17 | Max Temp: 38.5°C (Boss Hog)
📡 Tick 18 | Max Temp: 38.5°C (Boss Hog)
📡 Tick 19 | Max Temp: 38.5°C (Boss Hog)
👀 NEW UNIDENTIFIED PIG DETECTED!
👀 NEW UNIDENTIFIED PIG DETECTED!
📡 Tick 20 | Max Temp: 38.8°C (Pig_Auto_111)
📡 Tick 21 | Max Temp: 38.8°C (Pig_Auto_111)
📡 Tick 22 | Max Temp: 38.8°C (Pig_Auto_111)
📡 Tick 23 | Max Temp: 38.8°C (Pig_Auto_111)
📡 Tick 24 | Max Temp: 38.8°C (Pig_Auto_111)
📡 Tick 25 | Max Temp: 38.8°C (Pig_Auto_111)
📡 Tick 26 | Max Temp: 38.8°C (Pig_Auto_111)
📡 Tick 27 | Max Temp: 38.8°C (Pig_Auto_111)
📡 Tick 28 | Max Temp: 38.8°C (Pig_Auto_111)
📡 Tick 29 | Max Temp: 38.8°C (Pig_Auto_111)
📡 Tick 30 | Max Temp: 38.8°C (Pig_Auto_111)
📡 Tick 31 | Max Temp: 38.8°C (Pig_Auto_111)
📡 Tick 32 | Max Temp: 38.8°C (Pig_Auto_111)
📡 Tick 33 | Max Temp: 38.8°C (Pig_Auto_111)
📡 Tick 34 | Max Temp: 38.8°C (Pig_Auto_111)
📡 Tick 35 | Max Temp: 38.8°C (Pig_Auto_111)
📡 Tick 36 | Max Temp: 38.8°C (Pig_Auto_111)
📡 Tick 37 | Max Temp: 38.8°C (Pig_Auto_111)
📡 Tick 38 | Max Temp: 38.8°C (Pig_Auto_111)
📡 Tick 39 | Max Temp: 38.8°C (Pig_Auto_111)
🔥 Peppa has developed a fever and cough (Respiratory Distress)!
🔥 Peppa has developed a fever and cough (Respiratory Distress)!
📡 Tick 40 | Max Temp: 40.5°C (Peppa)
📡 Tick 41 | Max Temp: 40.5°C (Peppa)
📡 Tick 42 | Max Temp: 40.5°C (Peppa)
📡 Tick 43 | Max Temp: 40.5°C (Peppa)
📡 Tick 44 | Max Temp: 40.5°C (Peppa)
📡 Tick 45 | Max Temp: 40.5°C (Peppa)
📡 Tick 46 | Max Temp: 40.5°C (Peppa)
📡 Tick 47 | Max Temp: 40.5°C (Peppa)
📡 Tick 48 | Max Temp: 40.5°C (Peppa)
📡 Tick 49 | Max Temp: 40.5°C (Peppa)
📡 Tick 50 | Max Temp: 40.5°C (Peppa)
📡 Tick 51 | Max Temp: 40.5°C (Peppa)
📡 Tick 52 | Max Temp: 40.5°C (Peppa)
📡 Tick 53 | Max Temp: 40.5°C (Peppa)
📡 Tick 54 | Max Temp: 40.5°C (Peppa)
📡 Tick 55 | Max Temp: 40.5°C (Peppa)
📡 Tick 56 | Max Temp: 40.5°C (Peppa)
📡 Tick 57 | Max Temp: 40.5°C (Peppa)
📡 Tick 58 | Max Temp: 40.5°C (Peppa)
📡 Tick 59 | Max Temp: 40.5°C (Peppa)
🚨 Boss Hog has become lethargic (No movement detected)!
🚨 Boss Hog has become lethargic (No movement detected)!
📡 Tick 60 | Max Temp: 40.5°C (Peppa)
📡 Tick 61 | Max Temp: 40.5°C (Peppa)
📡 Tick 62 | Max Temp: 40.5°C (Peppa)
📡 Tick 63 | Max Temp: 40.5°C (Peppa)
📡 Tick 64 | Max Temp: 40.5°C (Peppa)
📡 Tick 65 | Max Temp: 40.5°C (Peppa)
📡 Tick 66 | Max Temp: 40.5°C (Peppa)
📡 Tick 67 | Max Temp: 40.5°C (Peppa)
📡 Tick 68 | Max Temp: 40.5°C (Peppa)
📡 Tick 69 | Max Temp: 40.5°C (Peppa)
📡 Tick 70 | Max Temp: 40.5°C (Peppa)
📡 Tick 71 | Max Temp: 40.5°C (Peppa)
📡 Tick 72 | Max Temp: 40.5°C (Peppa)
📡 Tick 73 | Max Temp: 40.5°C (Peppa)
📡 Tick 74 | Max Temp: 40.5°C (Peppa)
📡 Tick 75 | Max Temp: 40.5°C (Peppa)
📡 Tick 76 | Max Temp: 40.5°C (Peppa)
📡 Tick 77 | Max Temp: 40.5°C (Peppa)
📡 Tick 78 | Max Temp: 40.5°C (Peppa)
📡 Tick 79 | Max Temp: 40.5°C (Peppa)
✅ Boss Hog resumed normal activity.
✅ Boss Hog resumed normal activity.
✅ Boss Hog resumed normal activity.
📡 Tick 80 | Max Temp: 40.5°C (Peppa)
📡 Tick 81 | Max Temp: 40.5°C (Peppa)
📡 Tick 82 | Max Temp: 40.5°C (Peppa)
📡 Tick 83 | Max Temp: 40.5°C (Peppa)
📡 Tick 84 | Max Temp: 40.5°C (Peppa)
📡 Tick 85 | Max Temp: 40.5°C (Peppa)
📡 Tick 86 | Max Temp: 40.5°C (Peppa)
📡 Tick 87 | Max Temp: 40.5°C (Peppa)
📡 Tick 88 | Max Temp: 40.5°C (Peppa)
📡 Tick 89 | Max Temp: 40.5°C (Peppa)
📡 Tick 90 | Max Temp: 40.5°C (Peppa)
📡 Tick 91 | Max Temp: 40.5°C (Peppa)
📡 Tick 92 | Max Temp: 40.5°C (Peppa)
📡 Tick 93 | Max Temp: 40.5°C (Peppa)
📡 Tick 94 | Max Temp: 40.5°C (Peppa)
📡 Tick 95 | Max Temp: 40.5°C (Peppa)
📡 Tick 96 | Max Temp: 40.5°C (Peppa)
📡 Tick 97 | Max Temp: 40.5°C (Peppa)
📡 Tick 98 | Max Temp: 40.5°C (Peppa)
📡 Tick 99 | Max Temp: 40.5°C (Peppa)
✅ Peppa fever subsiding after intervention (38.6°C).
✅ Peppa fever subsiding after intervention (38.6°C).
📡 Tick 100 | Max Temp: 38.8°C (Pig_Auto_111)
📡 Tick 101 | Max Temp: 38.8°C (Pig_Auto_111)
📡 Tick 102 | Max Temp: 38.8°C (Pig_Auto_111)
📡 Tick 103 | Max Temp: 38.8°C (Pig_Auto_111)
📡 Tick 104 | Max Temp: 38.8°C (Pig_Auto_111)
📡 Tick 105 | Max Temp: 38.8°C (Pig_Auto_111)
📡 Tick 106 | Max Temp: 38.8°C (Pig_Auto_111)
📡 Tick 107 | Max Temp: 38.8°C (Pig_Auto_111)
📡 Tick 108 | Max Temp: 38.8°C (Pig_Auto_111)
📡 Tick 109 | Max Temp: 38.8°C (Pig_Auto_111)
📡 Tick 110 | Max Temp: 38.8°C (Pig_Auto_111)
📡 Tick 111 | Max Temp: 38.8°C (Pig_Auto_111)
📡 Tick 112 | Max Temp: 38.8°C (Pig_Auto_111)
📡 Tick 113 | Max Temp: 38.8°C (Pig_Auto_111)
📡 Tick 114 | Max Temp: 38.8°C (Pig_Auto_111)
📡 Tick 115 | Max Temp: 38.8°C (Pig_Auto_111)
📡 Tick 116 | Max Temp: 38.8°C (Pig_Auto_111)
📡 Tick 117 | Max Temp: 38.8°C (Pig_Auto_111)
📡 Tick 118 | Max Temp: 38.8°C (Pig_Auto_111)
📡 Tick 119 | Max Temp: 38.8°C (Pig_Auto_111)
🔄 Stress test cycle complete. Resetting scenarios for next loop...
🧹 Cleaning up ghost pig: auto_1778157091381
🧹 Cleaning up ghost pig: auto_1778157090379
🔄 Stress test cycle complete. Resetting scenarios for next loop...
📡 Tick 0 | Max Temp: 38.5°C (Boss Hog)
📡 Tick 1 | Max Temp: 38.5°C (Boss Hog)
📡 Tick 2 | Max Temp: 38.5°C (Boss Hog)
📡 Tick 3 | Max Temp: 38.5°C (Boss Hog)
📡 Tick 4 | Max Temp: 38.5°C (Boss Hog)
📡 Tick 5 | Max Temp: 38.5°C (Boss Hog)
📡 Tick 6 | Max Temp: 38.5°C (Boss Hog)
📡 Tick 7 | Max Temp: 38.5°C (Boss Hog)
📡 Tick 8 | Max Temp: 38.5°C (Boss Hog)
📡 Tick 9 | Max Temp: 38.5°C (Boss Hog)
📡 Tick 10 | Max Temp: 38.5°C (Boss Hog)
📡 Tick 11 | Max Temp: 38.5°C (Boss Hog)
📡 Tick 12 | Max Temp: 38.5°C (Boss Hog)
📡 Tick 13 | Max Temp: 38.5°C (Boss Hog)
📡 Tick 14 | Max Temp: 38.5°C (Boss Hog)
📡 Tick 15 | Max Temp: 38.5°C (Boss Hog)
📡 Tick 16 | Max Temp: 38.5°C (Boss Hog)
📡 Tick 17 | Max Temp: 38.5°C (Boss Hog)
📡 Tick 18 | Max Temp: 38.5°C (Boss Hog)
📡 Tick 19 | Max Temp: 38.5°C (Boss Hog)
👀 NEW UNIDENTIFIED PIG DETECTED!
👀 NEW UNIDENTIFIED PIG DETECTED!
📡 Tick 20 | Max Temp: 38.8°C (Pig_Auto_992)
📡 Tick 21 | Max Temp: 38.8°C (Pig_Auto_992)
📡 Tick 22 | Max Temp: 38.8°C (Pig_Auto_992)
📡 Tick 23 | Max Temp: 38.8°C (Pig_Auto_992)
📡 Tick 24 | Max Temp: 38.8°C (Pig_Auto_992)
📡 Tick 25 | Max Temp: 38.8°C (Pig_Auto_992)
📡 Tick 26 | Max Temp: 38.8°C (Pig_Auto_992)
📡 Tick 27 | Max Temp: 38.8°C (Pig_Auto_992)
📡 Tick 28 | Max Temp: 38.8°C (Pig_Auto_992)
📡 Tick 29 | Max Temp: 38.8°C (Pig_Auto_992)
📡 Tick 30 | Max Temp: 38.8°C (Pig_Auto_992)
📡 Tick 31 | Max Temp: 38.8°C (Pig_Auto_992)
📡 Tick 32 | Max Temp: 38.8°C (Pig_Auto_992)
📡 Tick 33 | Max Temp: 38.8°C (Pig_Auto_992)
📡 Tick 34 | Max Temp: 38.8°C (Pig_Auto_992)
📡 Tick 35 | Max Temp: 38.8°C (Pig_Auto_992)
📡 Tick 36 | Max Temp: 38.8°C (Pig_Auto_992)
📡 Tick 37 | Max Temp: 38.8°C (Pig_Auto_992)
📡 Tick 38 | Max Temp: 38.8°C (Pig_Auto_992)
📡 Tick 39 | Max Temp: 38.8°C (Pig_Auto_992)
🔥 Peppa has developed a fever and cough (Respiratory Distress)!
🔥 Peppa has developed a fever and cough (Respiratory Distress)!
📡 Tick 40 | Max Temp: 40.5°C (Peppa)
📡 Tick 41 | Max Temp: 40.5°C (Peppa)
📡 Tick 42 | Max Temp: 40.5°C (Peppa)
📡 Tick 43 | Max Temp: 40.5°C (Peppa)
📡 Tick 44 | Max Temp: 40.5°C (Peppa)
📡 Tick 45 | Max Temp: 40.5°C (Peppa)
📡 Tick 46 | Max Temp: 40.5°C (Peppa)
📡 Tick 47 | Max Temp: 40.5°C (Peppa)
📡 Tick 48 | Max Temp: 40.5°C (Peppa)
📡 Tick 49 | Max Temp: 40.5°C (Peppa)
📡 Tick 50 | Max Temp: 40.5°C (Peppa)
📡 Tick 51 | Max Temp: 40.5°C (Peppa)
📡 Tick 52 | Max Temp: 40.5°C (Peppa)
📡 Tick 53 | Max Temp: 40.5°C (Peppa)
📡 Tick 54 | Max Temp: 40.5°C (Peppa)
📡 Tick 55 | Max Temp: 40.5°C (Peppa)
📡 Tick 56 | Max Temp: 40.5°C (Peppa)
📡 Tick 57 | Max Temp: 40.5°C (Peppa)
📡 Tick 58 | Max Temp: 40.5°C (Peppa)
📡 Tick 59 | Max Temp: 40.5°C (Peppa)
🚨 Boss Hog has become lethargic (No movement detected)!
🚨 Boss Hog has become lethargic (No movement detected)!
📡 Tick 60 | Max Temp: 40.5°C (Peppa)
📡 Tick 61 | Max Temp: 40.5°C (Peppa)
📡 Tick 62 | Max Temp: 40.5°C (Peppa)
📡 Tick 63 | Max Temp: 40.5°C (Peppa)
📡 Tick 64 | Max Temp: 40.5°C (Peppa)
📡 Tick 65 | Max Temp: 40.5°C (Peppa)
📡 Tick 66 | Max Temp: 40.5°C (Peppa)
📡 Tick 67 | Max Temp: 40.5°C (Peppa)
📡 Tick 68 | Max Temp: 40.5°C (Peppa)
📡 Tick 69 | Max Temp: 40.5°C (Peppa)
📡 Tick 70 | Max Temp: 40.5°C (Peppa)
📡 Tick 71 | Max Temp: 40.5°C (Peppa)
📡 Tick 72 | Max Temp: 40.5°C (Peppa)
📡 Tick 73 | Max Temp: 40.5°C (Peppa)
📡 Tick 74 | Max Temp: 40.5°C (Peppa)
📡 Tick 75 | Max Temp: 40.5°C (Peppa)
📡 Tick 76 | Max Temp: 40.5°C (Peppa)
📡 Tick 77 | Max Temp: 40.5°C (Peppa)
📡 Tick 78 | Max Temp: 40.5°C (Peppa)
📡 Tick 79 | Max Temp: 40.5°C (Peppa)
✅ Boss Hog resumed normal activity.
✅ Boss Hog resumed normal activity.
📡 Tick 80 | Max Temp: 40.5°C (Peppa)
📡 Tick 81 | Max Temp: 40.5°C (Peppa)
📡 Tick 82 | Max Temp: 40.5°C (Peppa)
📡 Tick 83 | Max Temp: 40.5°C (Peppa)
📡 Tick 84 | Max Temp: 40.5°C (Peppa)
📡 Tick 85 | Max Temp: 40.5°C (Peppa)
📡 Tick 86 | Max Temp: 40.5°C (Peppa)
📡 Tick 87 | Max Temp: 40.5°C (Peppa)
📡 Tick 88 | Max Temp: 40.5°C (Peppa)
📡 Tick 89 | Max Temp: 40.5°C (Peppa)
📡 Tick 90 | Max Temp: 40.5°C (Peppa)
📡 Tick 91 | Max Temp: 40.5°C (Peppa)
📡 Tick 92 | Max Temp: 40.5°C (Peppa)
📡 Tick 93 | Max Temp: 40.5°C (Peppa)
📡 Tick 94 | Max Temp: 40.5°C (Peppa)
📡 Tick 95 | Max Temp: 40.5°C (Peppa)
📡 Tick 96 | Max Temp: 40.5°C (Peppa)
📡 Tick 97 | Max Temp: 40.5°C (Peppa)
📡 Tick 98 | Max Temp: 40.5°C (Peppa)
📡 Tick 99 | Max Temp: 40.5°C (Peppa)
✅ Peppa fever subsiding after intervention (38.6°C).
✅ Peppa fever subsiding after intervention (38.6°C).
📡 Tick 100 | Max Temp: 38.8°C (Pig_Auto_992)
📡 Tick 101 | Max Temp: 38.8°C (Pig_Auto_992)
📡 Tick 102 | Max Temp: 38.8°C (Pig_Auto_992)
📡 Tick 103 | Max Temp: 38.8°C (Pig_Auto_992)
📡 Tick 104 | Max Temp: 38.8°C (Pig_Auto_992)
📡 Tick 105 | Max Temp: 38.8°C (Pig_Auto_992)
📡 Tick 106 | Max Temp: 38.8°C (Pig_Auto_992)
📡 Tick 107 | Max Temp: 38.8°C (Pig_Auto_992)
📡 Tick 108 | Max Temp: 38.8°C (Pig_Auto_992)
📡 Tick 109 | Max Temp: 38.8°C (Pig_Auto_992)
📡 Tick 110 | Max Temp: 38.8°C (Pig_Auto_992)
📡 Tick 111 | Max Temp: 38.8°C (Pig_Auto_992)
📡 Tick 112 | Max Temp: 38.8°C (Pig_Auto_992)
📡 Tick 113 | Max Temp: 38.8°C (Pig_Auto_992)
📡 Tick 114 | Max Temp: 38.8°C (Pig_Auto_992)
📡 Tick 115 | Max Temp: 38.8°C (Pig_Auto_992)
📡 Tick 116 | Max Temp: 38.8°C (Pig_Auto_992)
📡 Tick 117 | Max Temp: 38.8°C (Pig_Auto_992)
📡 Tick 118 | Max Temp: 38.8°C (Pig_Auto_992)
📡 Tick 119 | Max Temp: 38.8°C (Pig_Auto_992)
🔄 Stress test cycle complete. Resetting scenarios for next loop...
🧹 Cleaning up ghost pig: auto_1778157214220
🧹 Cleaning up ghost pig: auto_1778157213220
🔄 Stress test cycle complete. Resetting scenarios for next loop...
📡 Tick 0 | Max Temp: 38.5°C (Boss Hog)
📡 Tick 1 | Max Temp: 38.5°C (Boss Hog)
📡 Tick 2 | Max Temp: 38.5°C (Boss Hog)
📡 Tick 3 | Max Temp: 38.5°C (Boss Hog)
📡 Tick 4 | Max Temp: 38.5°C (Boss Hog)
📡 Tick 5 | Max Temp: 38.5°C (Boss Hog)
📡 Tick 6 | Max Temp: 38.5°C (Boss Hog)
📡 Tick 7 | Max Temp: 38.5°C (Boss Hog)
📡 Tick 8 | Max Temp: 38.5°C (Boss Hog)
📡 Tick 9 | Max Temp: 38.5°C (Boss Hog)
📡 Tick 10 | Max Temp: 38.5°C (Boss Hog)
📡 Tick 11 | Max Temp: 38.5°C (Boss Hog)
📡 Tick 12 | Max Temp: 38.5°C (Boss Hog)
📡 Tick 13 | Max Temp: 38.5°C (Boss Hog)
📡 Tick 14 | Max Temp: 38.5°C (Boss Hog)
📡 Tick 15 | Max Temp: 38.5°C (Boss Hog)
📡 Tick 16 | Max Temp: 38.5°C (Boss Hog)
📡 Tick 17 | Max Temp: 38.5°C (Boss Hog)
📡 Tick 18 | Max Temp: 38.5°C (Boss Hog)
📡 Tick 19 | Max Temp: 38.5°C (Boss Hog)
👀 NEW UNIDENTIFIED PIG DETECTED!
👀 NEW UNIDENTIFIED PIG DETECTED!
📡 Tick 20 | Max Temp: 38.8°C (Pig_Auto_773)
📡 Tick 21 | Max Temp: 38.8°C (Pig_Auto_773)
📡 Tick 22 | Max Temp: 38.8°C (Pig_Auto_773)
📡 Tick 23 | Max Temp: 38.8°C (Pig_Auto_773)
📡 Tick 24 | Max Temp: 38.8°C (Pig_Auto_773)
📡 Tick 25 | Max Temp: 38.8°C (Pig_Auto_773)
📡 Tick 26 | Max Temp: 38.8°C (Pig_Auto_773)
📡 Tick 27 | Max Temp: 38.8°C (Pig_Auto_773)
📡 Tick 28 | Max Temp: 38.8°C (Pig_Auto_773)
📡 Tick 29 | Max Temp: 38.8°C (Pig_Auto_773)
📡 Tick 30 | Max Temp: 38.8°C (Pig_Auto_773)
📡 Tick 31 | Max Temp: 38.8°C (Pig_Auto_773)
📡 Tick 32 | Max Temp: 38.8°C (Pig_Auto_773)
📡 Tick 33 | Max Temp: 38.8°C (Pig_Auto_773)
📡 Tick 34 | Max Temp: 38.8°C (Pig_Auto_773)
📡 Tick 35 | Max Temp: 38.8°C (Pig_Auto_773)
📡 Tick 36 | Max Temp: 38.8°C (Pig_Auto_773)
📡 Tick 37 | Max Temp: 38.8°C (Pig_Auto_773)
📡 Tick 38 | Max Temp: 38.8°C (Pig_Auto_773)
📡 Tick 39 | Max Temp: 38.8°C (Pig_Auto_773)
🔥 Peppa has developed a fever and cough (Respiratory Distress)!
🔥 Peppa has developed a fever and cough (Respiratory Distress)!
📡 Tick 40 | Max Temp: 40.5°C (Peppa)
📡 Tick 41 | Max Temp: 40.5°C (Peppa)
📡 Tick 42 | Max Temp: 40.5°C (Peppa)
📡 Tick 43 | Max Temp: 40.5°C (Peppa)
📡 Tick 44 | Max Temp: 40.5°C (Peppa)
📡 Tick 45 | Max Temp: 40.5°C (Peppa)
📡 Tick 46 | Max Temp: 40.5°C (Peppa)
📡 Tick 47 | Max Temp: 40.5°C (Peppa)
📡 Tick 48 | Max Temp: 40.5°C (Peppa)
📡 Tick 49 | Max Temp: 40.5°C (Peppa)
📡 Tick 50 | Max Temp: 40.5°C (Peppa)
📡 Tick 51 | Max Temp: 40.5°C (Peppa)
📡 Tick 52 | Max Temp: 40.5°C (Peppa)
📡 Tick 53 | Max Temp: 40.5°C (Peppa)
📡 Tick 54 | Max Temp: 40.5°C (Peppa)
📡 Tick 55 | Max Temp: 40.5°C (Peppa)
📡 Tick 56 | Max Temp: 40.5°C (Peppa)
📡 Tick 57 | Max Temp: 40.5°C (Peppa)
📡 Tick 58 | Max Temp: 40.5°C (Peppa)
📡 Tick 59 | Max Temp: 40.5°C (Peppa)
🚨 Boss Hog has become lethargic (No movement detected)!
🚨 Boss Hog has become lethargic (No movement detected)!
📡 Tick 60 | Max Temp: 40.5°C (Peppa)
📡 Tick 61 | Max Temp: 40.5°C (Peppa)
📡 Tick 62 | Max Temp: 40.5°C (Peppa)
📡 Tick 63 | Max Temp: 40.5°C (Peppa)
📡 Tick 64 | Max Temp: 40.5°C (Peppa)
📡 Tick 65 | Max Temp: 40.5°C (Peppa)
📡 Tick 66 | Max Temp: 40.5°C (Peppa)
📡 Tick 67 | Max Temp: 40.5°C (Peppa)
📡 Tick 68 | Max Temp: 40.5°C (Peppa)
📡 Tick 69 | Max Temp: 40.5°C (Peppa)
📡 Tick 70 | Max Temp: 40.5°C (Peppa)
📡 Tick 71 | Max Temp: 40.5°C (Peppa)
📡 Tick 72 | Max Temp: 40.5°C (Peppa)
📡 Tick 73 | Max Temp: 40.5°C (Peppa)
📡 Tick 74 | Max Temp: 40.5°C (Peppa)
📡 Tick 75 | Max Temp: 40.5°C (Peppa)
📡 Tick 76 | Max Temp: 40.5°C (Peppa)
📡 Tick 77 | Max Temp: 40.5°C (Peppa)
📡 Tick 78 | Max Temp: 40.5°C (Peppa)
📡 Tick 79 | Max Temp: 40.5°C (Peppa)
✅ Boss Hog resumed normal activity.
📡 Tick 80 | Max Temp: 40.5°C (Peppa)
📡 Tick 81 | Max Temp: 40.5°C (Peppa)
📡 Tick 82 | Max Temp: 40.5°C (Peppa)
📡 Tick 83 | Max Temp: 40.5°C (Peppa)
📡 Tick 84 | Max Temp: 40.5°C (Peppa)
📡 Tick 85 | Max Temp: 40.5°C (Peppa)
📡 Tick 86 | Max Temp: 40.5°C (Peppa)
📡 Tick 87 | Max Temp: 40.5°C (Peppa)
📡 Tick 88 | Max Temp: 40.5°C (Peppa)
📡 Tick 89 | Max Temp: 40.5°C (Peppa)
📡 Tick 90 | Max Temp: 40.5°C (Peppa)
📡 Tick 91 | Max Temp: 40.5°C (Peppa)
📡 Tick 92 | Max Temp: 40.5°C (Peppa)
📡 Tick 93 | Max Temp: 40.5°C (Peppa)
📡 Tick 94 | Max Temp: 40.5°C (Peppa)
📡 Tick 95 | Max Temp: 40.5°C (Peppa)
📡 Tick 96 | Max Temp: 40.5°C (Peppa)
📡 Tick 97 | Max Temp: 40.5°C (Peppa)
📡 Tick 98 | Max Temp: 40.5°C (Peppa)
📡 Tick 99 | Max Temp: 40.5°C (Peppa)
✅ Peppa fever subsiding after intervention (38.6°C).
✅ Peppa fever subsiding after intervention (38.6°C).
📡 Tick 100 | Max Temp: 38.8°C (Pig_Auto_773)
📡 Tick 101 | Max Temp: 38.8°C (Pig_Auto_773)
📡 Tick 102 | Max Temp: 38.8°C (Pig_Auto_773)
📡 Tick 103 | Max Temp: 38.8°C (Pig_Auto_773)
📡 Tick 104 | Max Temp: 38.8°C (Pig_Auto_773)
📡 Tick 105 | Max Temp: 38.8°C (Pig_Auto_773)
📡 Tick 106 | Max Temp: 38.8°C (Pig_Auto_773)
📡 Tick 107 | Max Temp: 38.8°C (Pig_Auto_773)
📡 Tick 108 | Max Temp: 38.8°C (Pig_Auto_773)
📡 Tick 109 | Max Temp: 38.8°C (Pig_Auto_773)
📡 Tick 110 | Max Temp: 38.8°C (Pig_Auto_773)
📡 Tick 111 | Max Temp: 38.8°C (Pig_Auto_773)
📡 Tick 112 | Max Temp: 38.8°C (Pig_Auto_773)
📡 Tick 113 | Max Temp: 38.8°C (Pig_Auto_773)
📡 Tick 114 | Max Temp: 38.8°C (Pig_Auto_773)
📡 Tick 115 | Max Temp: 38.8°C (Pig_Auto_773)
📡 Tick 116 | Max Temp: 38.8°C (Pig_Auto_773)
📡 Tick 117 | Max Temp: 38.8°C (Pig_Auto_773)
📡 Tick 118 | Max Temp: 38.8°C (Pig_Auto_773)
📡 Tick 119 | Max Temp: 38.8°C (Pig_Auto_773)
🔄 Stress test cycle complete. Resetting scenarios for next loop...
🧹 Cleaning up ghost pig: auto_1778157336569
🧹 Cleaning up ghost pig: auto_1778157335570
🔄 Stress test cycle complete. Resetting scenarios for next loop...
📡 Tick 0 | Max Temp: 38.5°C (Boss Hog)
📡 Tick 1 | Max Temp: 38.5°C (Boss Hog)
📡 Tick 2 | Max Temp: 38.5°C (Boss Hog)
📡 Tick 3 | Max Temp: 38.5°C (Boss Hog)
📡 Tick 4 | Max Temp: 38.5°C (Boss Hog)
📡 Tick 5 | Max Temp: 38.5°C (Boss Hog)
📡 Tick 6 | Max Temp: 38.5°C (Boss Hog)
📡 Tick 7 | Max Temp: 38.5°C (Boss Hog)
📡 Tick 8 | Max Temp: 38.5°C (Boss Hog)
📡 Tick 9 | Max Temp: 38.5°C (Boss Hog)
📡 Tick 10 | Max Temp: 38.5°C (Boss Hog)
📡 Tick 11 | Max Temp: 38.5°C (Boss Hog)
📡 Tick 12 | Max Temp: 38.5°C (Boss Hog)
📡 Tick 13 | Max Temp: 38.5°C (Boss Hog)
📡 Tick 14 | Max Temp: 38.5°C (Boss Hog)
📡 Tick 15 | Max Temp: 38.5°C (Boss Hog)
📡 Tick 16 | Max Temp: 38.5°C (Boss Hog)
📡 Tick 17 | Max Temp: 38.5°C (Boss Hog)
📡 Tick 18 | Max Temp: 38.5°C (Boss Hog)
📡 Tick 19 | Max Temp: 38.5°C (Boss Hog)
👀 NEW UNIDENTIFIED PIG DETECTED!
👀 NEW UNIDENTIFIED PIG DETECTED!
📡 Tick 20 | Max Temp: 38.8°C (Pig_Auto_591)
📡 Tick 21 | Max Temp: 38.8°C (Pig_Auto_591)
📡 Tick 22 | Max Temp: 38.8°C (Pig_Auto_591)
📡 Tick 23 | Max Temp: 38.8°C (Pig_Auto_591)
📡 Tick 24 | Max Temp: 38.8°C (Pig_Auto_591)
📡 Tick 25 | Max Temp: 38.8°C (Pig_Auto_591)
📡 Tick 26 | Max Temp: 38.8°C (Pig_Auto_591)
📡 Tick 27 | Max Temp: 38.8°C (Pig_Auto_591)
📡 Tick 28 | Max Temp: 38.8°C (Pig_Auto_591)
📡 Tick 29 | Max Temp: 38.8°C (Pig_Auto_591)
📡 Tick 30 | Max Temp: 38.8°C (Pig_Auto_591)
📡 Tick 31 | Max Temp: 38.8°C (Pig_Auto_591)
📡 Tick 32 | Max Temp: 38.8°C (Pig_Auto_591)
📡 Tick 33 | Max Temp: 38.8°C (Pig_Auto_591)
📡 Tick 34 | Max Temp: 38.8°C (Pig_Auto_591)
📡 Tick 35 | Max Temp: 38.8°C (Pig_Auto_591)
📡 Tick 36 | Max Temp: 38.8°C (Pig_Auto_591)
📡 Tick 37 | Max Temp: 38.8°C (Pig_Auto_591)
📡 Tick 38 | Max Temp: 38.8°C (Pig_Auto_591)
📡 Tick 39 | Max Temp: 38.8°C (Pig_Auto_591)
🔥 Peppa has developed a fever and cough (Respiratory Distress)!
🔥 Peppa has developed a fever and cough (Respiratory Distress)!
📡 Tick 40 | Max Temp: 40.5°C (Peppa)
📡 Tick 41 | Max Temp: 40.5°C (Peppa)
📡 Tick 42 | Max Temp: 40.5°C (Peppa)
📡 Tick 43 | Max Temp: 40.5°C (Peppa)
📡 Tick 44 | Max Temp: 40.5°C (Peppa)
📡 Tick 45 | Max Temp: 40.5°C (Peppa)
📡 Tick 46 | Max Temp: 40.5°C (Peppa)
📡 Tick 47 | Max Temp: 40.5°C (Peppa)
📡 Tick 48 | Max Temp: 40.5°C (Peppa)
📡 Tick 49 | Max Temp: 40.5°C (Peppa)
📡 Tick 50 | Max Temp: 40.5°C (Peppa)
📡 Tick 51 | Max Temp: 40.5°C (Peppa)
📡 Tick 52 | Max Temp: 40.5°C (Peppa)
📡 Tick 53 | Max Temp: 40.5°C (Peppa)
📡 Tick 54 | Max Temp: 40.5°C (Peppa)
📡 Tick 55 | Max Temp: 40.5°C (Peppa)
📡 Tick 56 | Max Temp: 40.5°C (Peppa)
📡 Tick 57 | Max Temp: 40.5°C (Peppa)
📡 Tick 58 | Max Temp: 40.5°C (Peppa)
📡 Tick 59 | Max Temp: 40.5°C (Peppa)
🚨 Boss Hog has become lethargic (No movement detected)!
🚨 Boss Hog has become lethargic (No movement detected)!
📡 Tick 60 | Max Temp: 40.5°C (Peppa)
📡 Tick 61 | Max Temp: 40.5°C (Peppa)
📡 Tick 62 | Max Temp: 40.5°C (Peppa)
📡 Tick 63 | Max Temp: 40.5°C (Peppa)
📡 Tick 64 | Max Temp: 40.5°C (Peppa)
📡 Tick 65 | Max Temp: 40.5°C (Peppa)
📡 Tick 66 | Max Temp: 40.5°C (Peppa)
📡 Tick 67 | Max Temp: 40.5°C (Peppa)
📡 Tick 68 | Max Temp: 40.5°C (Peppa)
📡 Tick 69 | Max Temp: 40.5°C (Peppa)
📡 Tick 70 | Max Temp: 40.5°C (Peppa)
📡 Tick 71 | Max Temp: 40.5°C (Peppa)
📡 Tick 72 | Max Temp: 40.5°C (Peppa)
📡 Tick 73 | Max Temp: 40.5°C (Peppa)
📡 Tick 74 | Max Temp: 40.5°C (Peppa)
📡 Tick 75 | Max Temp: 40.5°C (Peppa)
📡 Tick 76 | Max Temp: 40.5°C (Peppa)
📡 Tick 77 | Max Temp: 40.5°C (Peppa)
📡 Tick 78 | Max Temp: 40.5°C (Peppa)
📡 Tick 79 | Max Temp: 40.5°C (Peppa)
✅ Boss Hog resumed normal activity.
📡 Tick 80 | Max Temp: 40.5°C (Peppa)
📡 Tick 81 | Max Temp: 40.5°C (Peppa)
📡 Tick 82 | Max Temp: 40.5°C (Peppa)
📡 Tick 83 | Max Temp: 40.5°C (Peppa)
📡 Tick 84 | Max Temp: 40.5°C (Peppa)
📡 Tick 85 | Max Temp: 40.5°C (Peppa)
📡 Tick 86 | Max Temp: 40.5°C (Peppa)
📡 Tick 87 | Max Temp: 40.5°C (Peppa)
📡 Tick 88 | Max Temp: 40.5°C (Peppa)
📡 Tick 89 | Max Temp: 40.5°C (Peppa)
📡 Tick 90 | Max Temp: 40.5°C (Peppa)
📡 Tick 91 | Max Temp: 40.5°C (Peppa)
📡 Tick 92 | Max Temp: 40.5°C (Peppa)
📡 Tick 93 | Max Temp: 40.5°C (Peppa)
📡 Tick 94 | Max Temp: 40.5°C (Peppa)
📡 Tick 95 | Max Temp: 40.5°C (Peppa)
📡 Tick 96 | Max Temp: 40.5°C (Peppa)
📡 Tick 97 | Max Temp: 40.5°C (Peppa)
📡 Tick 98 | Max Temp: 40.5°C (Peppa)
📡 Tick 99 | Max Temp: 40.5°C (Peppa)
✅ Peppa fever subsiding after intervention (38.6°C).
✅ Peppa fever subsiding after intervention (38.6°C).
📡 Tick 100 | Max Temp: 38.8°C (Pig_Auto_591)
📡 Tick 101 | Max Temp: 38.8°C (Pig_Auto_591)
📡 Tick 102 | Max Temp: 38.8°C (Pig_Auto_591)
📡 Tick 103 | Max Temp: 38.8°C (Pig_Auto_591)
📡 Tick 104 | Max Temp: 38.8°C (Pig_Auto_591)
📡 Tick 105 | Max Temp: 38.8°C (Pig_Auto_591)
📡 Tick 106 | Max Temp: 38.8°C (Pig_Auto_591)
📡 Tick 107 | Max Temp: 38.8°C (Pig_Auto_591)
📡 Tick 108 | Max Temp: 38.8°C (Pig_Auto_591)
📡 Tick 109 | Max Temp: 38.8°C (Pig_Auto_591)
📡 Tick 110 | Max Temp: 38.8°C (Pig_Auto_591)
📡 Tick 111 | Max Temp: 38.8°C (Pig_Auto_591)
📡 Tick 112 | Max Temp: 38.8°C (Pig_Auto_591)
📡 Tick 113 | Max Temp: 38.8°C (Pig_Auto_591)
📡 Tick 114 | Max Temp: 38.8°C (Pig_Auto_591)
📡 Tick 115 | Max Temp: 38.8°C (Pig_Auto_591)
📡 Tick 116 | Max Temp: 38.8°C (Pig_Auto_591)
📡 Tick 117 | Max Temp: 38.8°C (Pig_Auto_591)
📡 Tick 118 | Max Temp: 38.8°C (Pig_Auto_591)
📡 Tick 119 | Max Temp: 38.8°C (Pig_Auto_591)
🔄 Stress test cycle complete. Resetting scenarios for next loop...
🧹 Cleaning up ghost pig: auto_1778157458776
🧹 Cleaning up ghost pig: auto_1778157457775
🔄 Stress test cycle complete. Resetting scenarios for next loop...
📡 Tick 0 | Max Temp: 38.5°C (Boss Hog)
📡 Tick 1 | Max Temp: 38.5°C (Boss Hog)
📡 Tick 2 | Max Temp: 38.5°C (Boss Hog)
📡 Tick 3 | Max Temp: 38.5°C (Boss Hog)
📡 Tick 4 | Max Temp: 38.5°C (Boss Hog)
📡 Tick 5 | Max Temp: 38.5°C (Boss Hog)
📡 Tick 6 | Max Temp: 38.5°C (Boss Hog)
📡 Tick 7 | Max Temp: 38.5°C (Boss Hog)
📡 Tick 8 | Max Temp: 38.5°C (Boss Hog)
📡 Tick 9 | Max Temp: 38.5°C (Boss Hog)
📡 Tick 10 | Max Temp: 38.5°C (Boss Hog)
📡 Tick 11 | Max Temp: 38.5°C (Boss Hog)
📡 Tick 12 | Max Temp: 38.5°C (Boss Hog)
📡 Tick 13 | Max Temp: 38.5°C (Boss Hog)
📡 Tick 14 | Max Temp: 38.5°C (Boss Hog)
📡 Tick 15 | Max Temp: 38.5°C (Boss Hog)
📡 Tick 16 | Max Temp: 38.5°C (Boss Hog)
📡 Tick 17 | Max Temp: 38.5°C (Boss Hog)
📡 Tick 18 | Max Temp: 38.5°C (Boss Hog)
📡 Tick 19 | Max Temp: 38.5°C (Boss Hog)
👀 NEW UNIDENTIFIED PIG DETECTED!
👀 NEW UNIDENTIFIED PIG DETECTED!
📡 Tick 20 | Max Temp: 38.8°C (Pig_Auto_908)
📡 Tick 21 | Max Temp: 38.8°C (Pig_Auto_908)
📡 Tick 22 | Max Temp: 38.8°C (Pig_Auto_908)
📡 Tick 23 | Max Temp: 38.8°C (Pig_Auto_908)
📡 Tick 24 | Max Temp: 38.8°C (Pig_Auto_908)
📡 Tick 25 | Max Temp: 38.8°C (Pig_Auto_908)
📡 Tick 26 | Max Temp: 38.8°C (Pig_Auto_908)
📡 Tick 27 | Max Temp: 38.8°C (Pig_Auto_908)
📡 Tick 28 | Max Temp: 38.8°C (Pig_Auto_908)
📡 Tick 29 | Max Temp: 38.8°C (Pig_Auto_908)
📡 Tick 30 | Max Temp: 38.8°C (Pig_Auto_908)
📡 Tick 31 | Max Temp: 38.8°C (Pig_Auto_908)
📡 Tick 32 | Max Temp: 38.8°C (Pig_Auto_908)
📡 Tick 33 | Max Temp: 38.8°C (Pig_Auto_908)
📡 Tick 34 | Max Temp: 38.8°C (Pig_Auto_908)
📡 Tick 35 | Max Temp: 38.8°C (Pig_Auto_908)
📡 Tick 36 | Max Temp: 38.8°C (Pig_Auto_908)
📡 Tick 37 | Max Temp: 38.8°C (Pig_Auto_908)
📡 Tick 38 | Max Temp: 38.8°C (Pig_Auto_908)
📡 Tick 39 | Max Temp: 38.8°C (Pig_Auto_908)
🔥 Peppa has developed a fever and cough (Respiratory Distress)!
🔥 Peppa has developed a fever and cough (Respiratory Distress)!
📡 Tick 40 | Max Temp: 40.5°C (Peppa)
📡 Tick 41 | Max Temp: 40.5°C (Peppa)
📡 Tick 42 | Max Temp: 40.5°C (Peppa)
📡 Tick 43 | Max Temp: 40.5°C (Peppa)
📡 Tick 44 | Max Temp: 40.5°C (Peppa)
📡 Tick 45 | Max Temp: 40.5°C (Peppa)
📡 Tick 46 | Max Temp: 40.5°C (Peppa)
📡 Tick 47 | Max Temp: 40.5°C (Peppa)
📡 Tick 48 | Max Temp: 40.5°C (Peppa)
📡 Tick 49 | Max Temp: 40.5°C (Peppa)
📡 Tick 50 | Max Temp: 40.5°C (Peppa)
📡 Tick 51 | Max Temp: 40.5°C (Peppa)
📡 Tick 52 | Max Temp: 40.5°C (Peppa)
📡 Tick 53 | Max Temp: 40.5°C (Peppa)
📡 Tick 54 | Max Temp: 40.5°C (Peppa)
📡 Tick 55 | Max Temp: 40.5°C (Peppa)
📡 Tick 56 | Max Temp: 40.5°C (Peppa)
📡 Tick 57 | Max Temp: 40.5°C (Peppa)
📡 Tick 58 | Max Temp: 40.5°C (Peppa)
📡 Tick 59 | Max Temp: 40.5°C (Peppa)
🚨 Boss Hog has become lethargic (No movement detected)!
🚨 Boss Hog has become lethargic (No movement detected)!
📡 Tick 60 | Max Temp: 40.5°C (Peppa)
📡 Tick 61 | Max Temp: 40.5°C (Peppa)
📡 Tick 62 | Max Temp: 40.5°C (Peppa)
📡 Tick 63 | Max Temp: 40.5°C (Peppa)
📡 Tick 64 | Max Temp: 40.5°C (Peppa)
📡 Tick 65 | Max Temp: 40.5°C (Peppa)
📡 Tick 66 | Max Temp: 40.5°C (Peppa)
📡 Tick 67 | Max Temp: 40.5°C (Peppa)
📡 Tick 68 | Max Temp: 40.5°C (Peppa)
📡 Tick 69 | Max Temp: 40.5°C (Peppa)
📡 Tick 70 | Max Temp: 40.5°C (Peppa)
📡 Tick 71 | Max Temp: 40.5°C (Peppa)
📡 Tick 72 | Max Temp: 40.5°C (Peppa)
📡 Tick 73 | Max Temp: 40.5°C (Peppa)
📡 Tick 74 | Max Temp: 40.5°C (Peppa)
📡 Tick 75 | Max Temp: 40.5°C (Peppa)
📡 Tick 76 | Max Temp: 40.5°C (Peppa)
📡 Tick 77 | Max Temp: 40.5°C (Peppa)
📡 Tick 78 | Max Temp: 40.5°C (Peppa)
📡 Tick 79 | Max Temp: 40.5°C (Peppa)
✅ Boss Hog resumed normal activity.
📡 Tick 80 | Max Temp: 40.5°C (Peppa)
📡 Tick 81 | Max Temp: 40.5°C (Peppa)
📡 Tick 82 | Max Temp: 40.5°C (Peppa)
📡 Tick 83 | Max Temp: 40.5°C (Peppa)
📡 Tick 84 | Max Temp: 40.5°C (Peppa)
📡 Tick 85 | Max Temp: 40.5°C (Peppa)
📡 Tick 86 | Max Temp: 40.5°C (Peppa)
📡 Tick 87 | Max Temp: 40.5°C (Peppa)
📡 Tick 88 | Max Temp: 40.5°C (Peppa)
📡 Tick 89 | Max Temp: 40.5°C (Peppa)
📡 Tick 90 | Max Temp: 40.5°C (Peppa)
📡 Tick 91 | Max Temp: 40.5°C (Peppa)
📡 Tick 92 | Max Temp: 40.5°C (Peppa)
📡 Tick 93 | Max Temp: 40.5°C (Peppa)
📡 Tick 94 | Max Temp: 40.5°C (Peppa)
📡 Tick 95 | Max Temp: 40.5°C (Peppa)
📡 Tick 96 | Max Temp: 40.5°C (Peppa)
📡 Tick 97 | Max Temp: 40.5°C (Peppa)
📡 Tick 98 | Max Temp: 40.5°C (Peppa)
📡 Tick 99 | Max Temp: 40.5°C (Peppa)
✅ Peppa fever subsiding after intervention (38.6°C).
✅ Peppa fever subsiding after intervention (38.6°C).
📡 Tick 100 | Max Temp: 38.8°C (Pig_Auto_908)
📡 Tick 101 | Max Temp: 38.8°C (Pig_Auto_908)
📡 Tick 102 | Max Temp: 38.8°C (Pig_Auto_908)
📡 Tick 103 | Max Temp: 38.8°C (Pig_Auto_908)
📡 Tick 104 | Max Temp: 38.8°C (Pig_Auto_908)
📡 Tick 105 | Max Temp: 38.8°C (Pig_Auto_908)
📡 Tick 106 | Max Temp: 38.8°C (Pig_Auto_908)
📡 Tick 107 | Max Temp: 38.8°C (Pig_Auto_908)
📡 Tick 108 | Max Temp: 38.8°C (Pig_Auto_908)
📡 Tick 109 | Max Temp: 38.8°C (Pig_Auto_908)
📡 Tick 110 | Max Temp: 38.8°C (Pig_Auto_908)
📡 Tick 111 | Max Temp: 38.8°C (Pig_Auto_908)
📡 Tick 112 | Max Temp: 38.8°C (Pig_Auto_908)
📡 Tick 113 | Max Temp: 38.8°C (Pig_Auto_908)
📡 Tick 114 | Max Temp: 38.8°C (Pig_Auto_908)
📡 Tick 115 | Max Temp: 38.8°C (Pig_Auto_908)
📡 Tick 116 | Max Temp: 38.8°C (Pig_Auto_908)
📡 Tick 117 | Max Temp: 38.8°C (Pig_Auto_908)
📡 Tick 118 | Max Temp: 38.8°C (Pig_Auto_908)
📡 Tick 119 | Max Temp: 38.8°C (Pig_Auto_908)
🔄 Stress test cycle complete. Resetting scenarios for next loop...
🧹 Cleaning up ghost pig: auto_1778157580832
🧹 Cleaning up ghost pig: auto_1778157579832
🔄 Stress test cycle complete. Resetting scenarios for next loop...
📡 Tick 0 | Max Temp: 38.5°C (Boss Hog)
📡 Tick 1 | Max Temp: 38.5°C (Boss Hog)
📡 Tick 2 | Max Temp: 38.5°C (Boss Hog)
📡 Tick 3 | Max Temp: 38.5°C (Boss Hog)
📡 Tick 4 | Max Temp: 38.5°C (Boss Hog)
📡 Tick 5 | Max Temp: 38.5°C (Boss Hog)
📡 Tick 6 | Max Temp: 38.5°C (Boss Hog)
📡 Tick 7 | Max Temp: 38.5°C (Boss Hog)
📡 Tick 8 | Max Temp: 38.5°C (Boss Hog)
📡 Tick 9 | Max Temp: 38.5°C (Boss Hog)
📡 Tick 10 | Max Temp: 38.5°C (Boss Hog)
📡 Tick 11 | Max Temp: 38.5°C (Boss Hog)
📡 Tick 12 | Max Temp: 38.5°C (Boss Hog)
📡 Tick 13 | Max Temp: 38.5°C (Boss Hog)
📡 Tick 14 | Max Temp: 38.5°C (Boss Hog)
📡 Tick 15 | Max Temp: 38.5°C (Boss Hog)
📡 Tick 16 | Max Temp: 38.5°C (Boss Hog)
📡 Tick 17 | Max Temp: 38.5°C (Boss Hog)
📡 Tick 18 | Max Temp: 38.5°C (Boss Hog)
📡 Tick 19 | Max Temp: 38.5°C (Boss Hog)
👀 NEW UNIDENTIFIED PIG DETECTED!
👀 NEW UNIDENTIFIED PIG DETECTED!
📡 Tick 20 | Max Temp: 38.8°C (Pig_Auto_891)
📡 Tick 21 | Max Temp: 38.8°C (Pig_Auto_891)
📡 Tick 22 | Max Temp: 38.8°C (Pig_Auto_891)
📡 Tick 23 | Max Temp: 38.8°C (Pig_Auto_891)
📡 Tick 24 | Max Temp: 38.8°C (Pig_Auto_891)
📡 Tick 25 | Max Temp: 38.8°C (Pig_Auto_891)
📡 Tick 26 | Max Temp: 38.8°C (Pig_Auto_891)
📡 Tick 27 | Max Temp: 38.8°C (Pig_Auto_891)
📡 Tick 28 | Max Temp: 38.8°C (Pig_Auto_891)
📡 Tick 29 | Max Temp: 38.8°C (Pig_Auto_891)
📡 Tick 30 | Max Temp: 38.8°C (Pig_Auto_891)
📡 Tick 31 | Max Temp: 38.8°C (Pig_Auto_891)
📡 Tick 32 | Max Temp: 38.8°C (Pig_Auto_891)
📡 Tick 33 | Max Temp: 38.8°C (Pig_Auto_891)
📡 Tick 34 | Max Temp: 38.8°C (Pig_Auto_891)
📡 Tick 35 | Max Temp: 38.8°C (Pig_Auto_891)
📡 Tick 36 | Max Temp: 38.8°C (Pig_Auto_891)
📡 Tick 37 | Max Temp: 38.8°C (Pig_Auto_891)
📡 Tick 38 | Max Temp: 38.8°C (Pig_Auto_891)
📡 Tick 39 | Max Temp: 38.8°C (Pig_Auto_891)
🔥 Peppa has developed a fever and cough (Respiratory Distress)!
🔥 Peppa has developed a fever and cough (Respiratory Distress)!
📡 Tick 40 | Max Temp: 40.5°C (Peppa)
📡 Tick 41 | Max Temp: 40.5°C (Peppa)
📡 Tick 42 | Max Temp: 40.5°C (Peppa)
📡 Tick 43 | Max Temp: 40.5°C (Peppa)
📡 Tick 44 | Max Temp: 40.5°C (Peppa)
📡 Tick 45 | Max Temp: 40.5°C (Peppa)
📡 Tick 46 | Max Temp: 40.5°C (Peppa)
📡 Tick 47 | Max Temp: 40.5°C (Peppa)
📡 Tick 48 | Max Temp: 40.5°C (Peppa)
📡 Tick 49 | Max Temp: 40.5°C (Peppa)
📡 Tick 50 | Max Temp: 40.5°C (Peppa)
📡 Tick 51 | Max Temp: 40.5°C (Peppa)
📡 Tick 52 | Max Temp: 40.5°C (Peppa)
📡 Tick 53 | Max Temp: 40.5°C (Peppa)
📡 Tick 54 | Max Temp: 40.5°C (Peppa)
📡 Tick 55 | Max Temp: 40.5°C (Peppa)
📡 Tick 56 | Max Temp: 40.5°C (Peppa)
📡 Tick 57 | Max Temp: 40.5°C (Peppa)
📡 Tick 58 | Max Temp: 40.5°C (Peppa)
📡 Tick 59 | Max Temp: 40.5°C (Peppa)
🚨 Boss Hog has become lethargic (No movement detected)!
🚨 Boss Hog has become lethargic (No movement detected)!
📡 Tick 60 | Max Temp: 40.5°C (Peppa)
📡 Tick 61 | Max Temp: 40.5°C (Peppa)
📡 Tick 62 | Max Temp: 40.5°C (Peppa)
📡 Tick 63 | Max Temp: 40.5°C (Peppa)
📡 Tick 64 | Max Temp: 40.5°C (Peppa)
📡 Tick 65 | Max Temp: 40.5°C (Peppa)
📡 Tick 66 | Max Temp: 40.5°C (Peppa)
📡 Tick 67 | Max Temp: 40.5°C (Peppa)
📡 Tick 68 | Max Temp: 40.5°C (Peppa)
📡 Tick 69 | Max Temp: 40.5°C (Peppa)
📡 Tick 70 | Max Temp: 40.5°C (Peppa)
📡 Tick 71 | Max Temp: 40.5°C (Peppa)
📡 Tick 72 | Max Temp: 40.5°C (Peppa)
📡 Tick 73 | Max Temp: 40.5°C (Peppa)
📡 Tick 74 | Max Temp: 40.5°C (Peppa)
📡 Tick 75 | Max Temp: 40.5°C (Peppa)
📡 Tick 76 | Max Temp: 40.5°C (Peppa)
📡 Tick 77 | Max Temp: 40.5°C (Peppa)
📡 Tick 78 | Max Temp: 40.5°C (Peppa)
📡 Tick 79 | Max Temp: 40.5°C (Peppa)
✅ Boss Hog resumed normal activity.
📡 Tick 80 | Max Temp: 40.5°C (Peppa)
📡 Tick 81 | Max Temp: 40.5°C (Peppa)
📡 Tick 82 | Max Temp: 40.5°C (Peppa)
📡 Tick 83 | Max Temp: 40.5°C (Peppa)
📡 Tick 84 | Max Temp: 40.5°C (Peppa)
📡 Tick 85 | Max Temp: 40.5°C (Peppa)
📡 Tick 86 | Max Temp: 40.5°C (Peppa)
📡 Tick 87 | Max Temp: 40.5°C (Peppa)
📡 Tick 88 | Max Temp: 40.5°C (Peppa)
📡 Tick 89 | Max Temp: 40.5°C (Peppa)
📡 Tick 90 | Max Temp: 40.5°C (Peppa)
📡 Tick 91 | Max Temp: 40.5°C (Peppa)
📡 Tick 92 | Max Temp: 40.5°C (Peppa)
📡 Tick 93 | Max Temp: 40.5°C (Peppa)
📡 Tick 94 | Max Temp: 40.5°C (Peppa)
📡 Tick 95 | Max Temp: 40.5°C (Peppa)
📡 Tick 96 | Max Temp: 40.5°C (Peppa)
📡 Tick 97 | Max Temp: 40.5°C (Peppa)
📡 Tick 98 | Max Temp: 40.5°C (Peppa)
📡 Tick 99 | Max Temp: 40.5°C (Peppa)
✅ Peppa fever subsiding after intervention (38.6°C).
✅ Peppa fever subsiding after intervention (38.6°C).
✅ Peppa fever subsiding after intervention (38.6°C).
📡 Tick 100 | Max Temp: 38.8°C (Pig_Auto_891)
📡 Tick 101 | Max Temp: 38.8°C (Pig_Auto_891)
📡 Tick 102 | Max Temp: 38.8°C (Pig_Auto_891)
📡 Tick 103 | Max Temp: 38.8°C (Pig_Auto_891)
📡 Tick 104 | Max Temp: 38.8°C (Pig_Auto_891)
📡 Tick 105 | Max Temp: 38.8°C (Pig_Auto_891)
📡 Tick 106 | Max Temp: 38.8°C (Pig_Auto_891)
📡 Tick 107 | Max Temp: 38.8°C (Pig_Auto_891)
📡 Tick 108 | Max Temp: 38.8°C (Pig_Auto_891)
📡 Tick 109 | Max Temp: 38.8°C (Pig_Auto_891)
📡 Tick 110 | Max Temp: 38.8°C (Pig_Auto_891)
📡 Tick 111 | Max Temp: 38.8°C (Pig_Auto_891)
📡 Tick 112 | Max Temp: 38.8°C (Pig_Auto_891)
📡 Tick 113 | Max Temp: 38.8°C (Pig_Auto_891)
📡 Tick 114 | Max Temp: 38.8°C (Pig_Auto_891)
📡 Tick 115 | Max Temp: 38.8°C (Pig_Auto_891)
📡 Tick 116 | Max Temp: 38.8°C (Pig_Auto_891)
📡 Tick 117 | Max Temp: 38.8°C (Pig_Auto_891)
📡 Tick 118 | Max Temp: 38.8°C (Pig_Auto_891)
📡 Tick 119 | Max Temp: 38.8°C (Pig_Auto_891)
🔄 Stress test cycle complete. Resetting scenarios for next loop...
🧹 Cleaning up ghost pig: auto_1778157702880
🧹 Cleaning up ghost pig: auto_1778157701879
🔄 Stress test cycle complete. Resetting scenarios for next loop...
📡 Tick 0 | Max Temp: 38.5°C (Boss Hog)
