[debug] [2026-05-07T11:54:52.529Z] ----------------------------------------------------------------------
[debug] [2026-05-07T11:54:52.531Z] Command:       /usr/bin/node /home/solrahk/.npm-global/bin/firebase database:set /users/xgC6Hkq2a6XrNG5emkf5cuyjpiu2/roster {"peppa-001": {"name": "Peppa", "enrolledAt": "2026-05-07T00:00:00Z", "lastSeen": "2026-05-07T12:00:00Z", "status": "active", "temperature": 38.5, "tags": ["HEALTHY"], "healthStatus": "NORMAL"}, "bacon-a1": {"name": "Bacon-A1", "enrolledAt": "2026-05-07T00:00:00Z", "lastSeen": "2026-05-07T12:00:00Z", "status": "active", "temperature": 39.1, "tags": ["ACTIVE"], "healthStatus": "NORMAL"}} --project studio-1248778633-99f62 -f
[debug] [2026-05-07T11:54:52.531Z] CLI Version:   15.9.1
[debug] [2026-05-07T11:54:52.531Z] Platform:      linux
[debug] [2026-05-07T11:54:52.532Z] Node Version:  v22.22.2
[debug] [2026-05-07T11:54:52.532Z] Time:          Thu May 07 2026 19:54:52 GMT+0800 (Philippine Standard Time)
[debug] [2026-05-07T11:54:52.532Z] ----------------------------------------------------------------------
[debug] 
[debug] [2026-05-07T11:54:54.978Z] > command requires scopes: ["email","openid","https://www.googleapis.com/auth/cloudplatformprojects.readonly","https://www.googleapis.com/auth/firebase","https://www.googleapis.com/auth/cloud-platform"]
[debug] [2026-05-07T11:54:54.978Z] > authorizing via signed-in user (capunok4angelo@gmail.com)
[debug] [2026-05-07T11:54:54.978Z] [iam] checking project studio-1248778633-99f62 for permissions ["firebase.projects.get","firebasedatabase.instances.update"]
[debug] [2026-05-07T11:54:54.980Z] Checked if tokens are valid: true, expires at: 1778157266214
[debug] [2026-05-07T11:54:54.981Z] Checked if tokens are valid: true, expires at: 1778157266214
[debug] [2026-05-07T11:54:54.983Z] >>> [apiv2][query] POST https://cloudresourcemanager.googleapis.com/v1/projects/studio-1248778633-99f62:testIamPermissions [none]
[debug] [2026-05-07T11:54:54.984Z] >>> [apiv2][(partial)header] POST https://cloudresourcemanager.googleapis.com/v1/projects/studio-1248778633-99f62:testIamPermissions  x-goog-user-project=studio-1248778633-99f62
[debug] [2026-05-07T11:54:54.984Z] >>> [apiv2][body] POST https://cloudresourcemanager.googleapis.com/v1/projects/studio-1248778633-99f62:testIamPermissions {"permissions":["firebase.projects.get","firebasedatabase.instances.update"]}
[debug] [2026-05-07T11:54:56.247Z] <<< [apiv2][status] POST https://cloudresourcemanager.googleapis.com/v1/projects/studio-1248778633-99f62:testIamPermissions 200
[debug] [2026-05-07T11:54:56.247Z] <<< [apiv2][body] POST https://cloudresourcemanager.googleapis.com/v1/projects/studio-1248778633-99f62:testIamPermissions {"permissions":["firebase.projects.get","firebasedatabase.instances.update"]}
[debug] [2026-05-07T11:54:56.248Z] Checked if tokens are valid: true, expires at: 1778157266214
[debug] [2026-05-07T11:54:56.248Z] Checked if tokens are valid: true, expires at: 1778157266214
[debug] [2026-05-07T11:54:56.248Z] >>> [apiv2][query] GET https://firebase.googleapis.com/v1beta1/projects/studio-1248778633-99f62 [none]
[debug] [2026-05-07T11:54:56.953Z] <<< [apiv2][status] GET https://firebase.googleapis.com/v1beta1/projects/studio-1248778633-99f62 200
[debug] [2026-05-07T11:54:56.954Z] <<< [apiv2][body] GET https://firebase.googleapis.com/v1beta1/projects/studio-1248778633-99f62 {"projectId":"studio-1248778633-99f62","projectNumber":"362832626962","displayName":"Firebase app","name":"projects/studio-1248778633-99f62","resources":{"hostingSite":"studio-1248778633-99f62","realtimeDatabaseInstance":"studio-1248778633-99f62-default-rtdb"},"state":"ACTIVE","etag":"1_e25aba10-eb0a-479b-abc5-08ca0fead1f6"}
[debug] [2026-05-07T11:54:56.954Z] Checked if tokens are valid: true, expires at: 1778157266214
[debug] [2026-05-07T11:54:56.954Z] Checked if tokens are valid: true, expires at: 1778157266214
[debug] [2026-05-07T11:54:56.955Z] >>> [apiv2][query] GET https://firebasedatabase.googleapis.com/v1beta/projects/studio-1248778633-99f62/locations/-/instances/studio-1248778633-99f62-default-rtdb [none]
[debug] [2026-05-07T11:54:59.342Z] <<< [apiv2][status] GET https://firebasedatabase.googleapis.com/v1beta/projects/studio-1248778633-99f62/locations/-/instances/studio-1248778633-99f62-default-rtdb 200
[debug] [2026-05-07T11:54:59.342Z] <<< [apiv2][body] GET https://firebasedatabase.googleapis.com/v1beta/projects/studio-1248778633-99f62/locations/-/instances/studio-1248778633-99f62-default-rtdb {"name":"projects/362832626962/locations/us-central1/instances/studio-1248778633-99f62-default-rtdb","project":"projects/362832626962","databaseUrl":"https://studio-1248778633-99f62-default-rtdb.firebaseio.com","type":"DEFAULT_DATABASE","state":"ACTIVE"}
[debug] [2026-05-07T11:54:59.343Z] Checked if tokens are valid: true, expires at: 1778157266214
[debug] [2026-05-07T11:54:59.344Z] Checked if tokens are valid: true, expires at: 1778157266214
[debug] [2026-05-07T11:54:59.344Z] >>> [apiv2][query] PUT https://studio-1248778633-99f62-default-rtdb.firebaseio.com/users/xgC6Hkq2a6XrNG5emkf5cuyjpiu2/roster.json 
[debug] [2026-05-07T11:54:59.344Z] >>> [apiv2][body] PUT https://studio-1248778633-99f62-default-rtdb.firebaseio.com/users/xgC6Hkq2a6XrNG5emkf5cuyjpiu2/roster.json [stream]
[debug] [2026-05-07T11:55:59.820Z] *** [apiv2] error from fetch(https://studio-1248778633-99f62-default-rtdb.firebaseio.com/users/xgC6Hkq2a6XrNG5emkf5cuyjpiu2/roster.json, {"headers":{},"method":"PUT","body":{"fd":null,"path":"{\"peppa-001\": {\"name\": \"Peppa\", \"enrolledAt\": \"2026-05-07T00:00:00Z\", \"lastSeen\": \"2026-05-07T12:00:00Z\", \"status\": \"active\", \"temperature\": 38.5, \"tags\": [\"HEALTHY\"], \"healthStatus\": \"NORMAL\"}, \"bacon-a1\": {\"name\": \"Bacon-A1\", \"enrolledAt\": \"2026-05-07T00:00:00Z\", \"lastSeen\": \"2026-05-07T12:00:00Z\", \"status\": \"active\", \"temperature\": 39.1, \"tags\": [\"ACTIVE\"], \"healthStatus\": \"NORMAL\"}}","flags":"r","mode":438,"end":null,"bytesRead":0,"_events":{},"_readableState":{"highWaterMark":65536,"buffer":[],"bufferIndex":0,"length":0,"pipes":[],"awaitDrainWriters":null},"_eventsCount":2}}): FetchError: request to https://studio-1248778633-99f62-default-rtdb.firebaseio.com/users/xgC6Hkq2a6XrNG5emkf5cuyjpiu2/roster.json failed, reason: socket hang up
[debug] [2026-05-07T11:55:59.827Z] Failed to make request to https://studio-1248778633-99f62-default-rtdb.firebaseio.com/users/xgC6Hkq2a6XrNG5emkf5cuyjpiu2/roster.json
[error] 
[error] Error: Unexpected error while setting data: Failed to make request to https://studio-1248778633-99f62-default-rtdb.firebaseio.com/users/xgC6Hkq2a6XrNG5emkf5cuyjpiu2/roster.json
